   text	   data	    bss	    dec	    hex	filename
 0xee0c	 0x1854	  0x3a0	  68096	  10a00	/module/data/BUILD/GAP8_V2/GCC_RISCV/test
/module/data/BUILD/GAP8_V2/GCC_RISCV/test:00000338 00000001 D __rt_hyper_pending_emu_do_memcpy	/gap_sdk/rtos/pulp/pulp-os/drivers/hyper/hyperram-v1.c:53
/module/data/BUILD/GAP8_V2/GCC_RISCV/test:1b000c08 00000001 D camera_isAwaked	/gap_sdk/rtos/pulp/pulp-os/drivers_deprecated/camera/himax.c:150
/module/data/BUILD/GAP8_V2/GCC_RISCV/test:1c00f068 00000001 d value	/module/data/model.c:57
/module/data/BUILD/GAP8_V2/GCC_RISCV/test:1c007cbe 00000002 T __camera_conf_init	/gap_sdk/rtos/pmsis/pmsis_bsp/camera/camera.c:43
/module/data/BUILD/GAP8_V2/GCC_RISCV/test:1c007350 00000002 T __flash_conf_init	/gap_sdk/rtos/pmsis/pmsis_bsp/flash/flash.c:33
/module/data/BUILD/GAP8_V2/GCC_RISCV/test:1c007bf8 00000002 t __pi_host_fs_direct_read_async
/module/data/BUILD/GAP8_V2/GCC_RISCV/test:1c007ac0 00000002 t __pi_host_fs_unmount	/gap_sdk/rtos/pmsis/pmsis_bsp/fs/host_fs/host_fs.c:40
/module/data/BUILD/GAP8_V2/GCC_RISCV/test:1c00b16e 00000002 T __rt_fll_deinit	/gap_sdk/rtos/pulp/pulp-os/kernel/gap/pmu_driver.c:876
/module/data/BUILD/GAP8_V2/GCC_RISCV/test:1c00b170 00000002 T __rt_flls_constructor	/gap_sdk/rtos/pulp/pulp-os/kernel/gap/pmu_driver.c:880
/module/data/BUILD/GAP8_V2/GCC_RISCV/test:1c009f7e 00000002 W illegal_insn_handler_c	/gap_sdk/rtos/pulp/pulp-os/kernel/irq.c:89
/module/data/BUILD/GAP8_V2/GCC_RISCV/test:1c008ee6 00000002 T pi_partition_table_free	/gap_sdk/rtos/pmsis/pmsis_bsp/partition/partition.c:46
/module/data/BUILD/GAP8_V2/GCC_RISCV/test:1c00a66c 00000002 T pi_task_push_delayed_us	/gap_sdk/rtos/pulp/pulp-os/kernel/events.c:273
/module/data/BUILD/GAP8_V2/GCC_RISCV/test:1c00f048 00000002 D rec_digit	/module/data/model.c:66
/module/data/BUILD/GAP8_V2/GCC_RISCV/test:1c00f088 00000003 d ToHWDCDC_Pos	/gap_sdk/rtos/pulp/pulp-os/kernel/gap/pmu_driver.c:192
/module/data/BUILD/GAP8_V2/GCC_RISCV/test:1c00f060 00000004 D Img_In	/module/data/model.c:44
/module/data/BUILD/GAP8_V2/GCC_RISCV/test:1c00f08c 00000004 D PMURetentionState
/module/data/BUILD/GAP8_V2/GCC_RISCV/test:1c00f05c 00000004 D ResOut	/module/data/model.c:41
/module/data/BUILD/GAP8_V2/GCC_RISCV/test:1c00f098 00000004 d RetPMUStateToPMUState	/gap_sdk/rtos/pulp/pulp-os/kernel/gap/pmu_driver.c:185
/module/data/BUILD/GAP8_V2/GCC_RISCV/test:1c00f518 00000004 b __bsp_init_pads_done	/gap_sdk/rtos/pmsis/pmsis_bsp/bsp/ai_deck.c:28
/module/data/BUILD/GAP8_V2/GCC_RISCV/test:1c00f524 00000004 b __pi_hyper_cluster_reqs_first	/gap_sdk/rtos/pulp/pulp-os/drivers/hyper/hyperram-v1.c:62
/module/data/BUILD/GAP8_V2/GCC_RISCV/test:1c00755a 00000004 t __pi_read_fs_unmount	/gap_sdk/rtos/pmsis/pmsis_bsp/fs/read_fs/read_fs.c:230
/module/data/BUILD/GAP8_V2/GCC_RISCV/test:1c00f568 00000004 B __rt_alloc_fc_tcdm
/module/data/BUILD/GAP8_V2/GCC_RISCV/test:1c00f560 00000004 B __rt_alloc_l1
/module/data/BUILD/GAP8_V2/GCC_RISCV/test:1c00f564 00000004 B __rt_alloc_l2
/module/data/BUILD/GAP8_V2/GCC_RISCV/test:00000014 00000004 d __rt_bridge_eeprom_handle	/gap_sdk/rtos/pulp/pulp-os/kernel/bridge.c:25
/module/data/BUILD/GAP8_V2/GCC_RISCV/test:00000010 00000004 d __rt_bridge_flash_cs	/gap_sdk/rtos/pulp/pulp-os/kernel/bridge.c:29
/module/data/BUILD/GAP8_V2/GCC_RISCV/test:00000004 00000004 d __rt_bridge_flash_handle	/gap_sdk/rtos/pulp/pulp-os/kernel/bridge.c:26
/module/data/BUILD/GAP8_V2/GCC_RISCV/test:0000000c 00000004 d __rt_bridge_flash_itf	/gap_sdk/rtos/pulp/pulp-os/kernel/bridge.c:28
/module/data/BUILD/GAP8_V2/GCC_RISCV/test:00000008 00000004 d __rt_bridge_flash_type	/gap_sdk/rtos/pulp/pulp-os/kernel/bridge.c:27
/module/data/BUILD/GAP8_V2/GCC_RISCV/test:10000040 00000004 D __rt_cluster_fc_task_lock	/gap_sdk/rtos/pulp/pulp-os/kernel/cluster.c:59
/module/data/BUILD/GAP8_V2/GCC_RISCV/test:00000018 00000004 D __rt_cluster_nb_active_pe
/module/data/BUILD/GAP8_V2/GCC_RISCV/test:1c00f57c 00000004 B __rt_cluster_tasks	/gap_sdk/rtos/pulp/pulp-os/kernel/cluster.c:41
/module/data/BUILD/GAP8_V2/GCC_RISCV/test:1b000bec 00000004 D __rt_debug_config
/module/data/BUILD/GAP8_V2/GCC_RISCV/test:1b000be8 00000004 D __rt_debug_config_trace
/module/data/BUILD/GAP8_V2/GCC_RISCV/test:00000014 00000004 D __rt_dma_first_pending
/module/data/BUILD/GAP8_V2/GCC_RISCV/test:00000010 00000004 D __rt_dma_last_pending
/module/data/BUILD/GAP8_V2/GCC_RISCV/test:1c00f520 00000004 b __rt_fc_cluster_device	/gap_sdk/rtos/pulp/pulp-os/kernel/pulpos_emu.c:25
/module/data/BUILD/GAP8_V2/GCC_RISCV/test:1c00f04c 00000004 V __rt_fc_stack_size	/gap_sdk/rtos/pulp/pulp-os/kernel/conf.c:36
/module/data/BUILD/GAP8_V2/GCC_RISCV/test:00000018 00000004 D __rt_first_free
/module/data/BUILD/GAP8_V2/GCC_RISCV/test:00000324 00000004 D __rt_hyper_current_task	/gap_sdk/rtos/pulp/pulp-os/drivers/hyper/hyperram-v1.c:27
/module/data/BUILD/GAP8_V2/GCC_RISCV/test:00000320 00000004 D __rt_hyper_end_task	/gap_sdk/rtos/pulp/pulp-os/drivers/hyper/hyperram-v1.c:25
/module/data/BUILD/GAP8_V2/GCC_RISCV/test:1c00f528 00000004 b __rt_hyper_open_count	/gap_sdk/rtos/pulp/pulp-os/drivers/hyper/hyperram-v1.c:65
/module/data/BUILD/GAP8_V2/GCC_RISCV/test:00000314 00000004 D __rt_hyper_pending_addr	/gap_sdk/rtos/pulp/pulp-os/drivers/hyper/hyperram-v1.c:33
/module/data/BUILD/GAP8_V2/GCC_RISCV/test:0000030c 00000004 D __rt_hyper_pending_base	/gap_sdk/rtos/pulp/pulp-os/drivers/hyper/hyperram-v1.c:31
/module/data/BUILD/GAP8_V2/GCC_RISCV/test:00000330 00000004 D __rt_hyper_pending_emu_addr	/gap_sdk/rtos/pulp/pulp-os/drivers/hyper/hyperram-v1.c:48
/module/data/BUILD/GAP8_V2/GCC_RISCV/test:00000328 00000004 D __rt_hyper_pending_emu_channel	/gap_sdk/rtos/pulp/pulp-os/drivers/hyper/hyperram-v1.c:46
/module/data/BUILD/GAP8_V2/GCC_RISCV/test:0000032c 00000004 D __rt_hyper_pending_emu_hyper_addr	/gap_sdk/rtos/pulp/pulp-os/drivers/hyper/hyperram-v1.c:47
/module/data/BUILD/GAP8_V2/GCC_RISCV/test:0000034c 00000004 D __rt_hyper_pending_emu_length	/gap_sdk/rtos/pulp/pulp-os/drivers/hyper/hyperram-v1.c:51
/module/data/BUILD/GAP8_V2/GCC_RISCV/test:00000334 00000004 D __rt_hyper_pending_emu_size	/gap_sdk/rtos/pulp/pulp-os/drivers/hyper/hyperram-v1.c:49
/module/data/BUILD/GAP8_V2/GCC_RISCV/test:00000348 00000004 D __rt_hyper_pending_emu_size_2d	/gap_sdk/rtos/pulp/pulp-os/drivers/hyper/hyperram-v1.c:50
/module/data/BUILD/GAP8_V2/GCC_RISCV/test:00000350 00000004 D __rt_hyper_pending_emu_stride	/gap_sdk/rtos/pulp/pulp-os/drivers/hyper/hyperram-v1.c:52
/module/data/BUILD/GAP8_V2/GCC_RISCV/test:0000033c 00000004 D __rt_hyper_pending_emu_task	/gap_sdk/rtos/pulp/pulp-os/drivers/hyper/hyperram-v1.c:54
/module/data/BUILD/GAP8_V2/GCC_RISCV/test:00000310 00000004 D __rt_hyper_pending_hyper_addr	/gap_sdk/rtos/pulp/pulp-os/drivers/hyper/hyperram-v1.c:32
/module/data/BUILD/GAP8_V2/GCC_RISCV/test:00000318 00000004 D __rt_hyper_pending_repeat	/gap_sdk/rtos/pulp/pulp-os/drivers/hyper/hyperram-v1.c:34
/module/data/BUILD/GAP8_V2/GCC_RISCV/test:0000031c 00000004 D __rt_hyper_pending_repeat_size	/gap_sdk/rtos/pulp/pulp-os/drivers/hyper/hyperram-v1.c:35
/module/data/BUILD/GAP8_V2/GCC_RISCV/test:00000340 00000004 D __rt_hyper_pending_tasks	/gap_sdk/rtos/pulp/pulp-os/drivers/hyper/hyperram-v1.c:39
/module/data/BUILD/GAP8_V2/GCC_RISCV/test:00000344 00000004 D __rt_hyper_pending_tasks_last	/gap_sdk/rtos/pulp/pulp-os/drivers/hyper/hyperram-v1.c:40
/module/data/BUILD/GAP8_V2/GCC_RISCV/test:1c00bfde 00000004 T __rt_hyper_resume_copy	/gap_sdk/rtos/pulp/pulp-os/drivers/hyper/hyperram-v1.c:988
/module/data/BUILD/GAP8_V2/GCC_RISCV/test:00000308 00000004 D __rt_hyper_udma_handle
/module/data/BUILD/GAP8_V2/GCC_RISCV/test:1c00f52c 00000004 b __rt_i2s_first	/gap_sdk/rtos/pulp/pulp-os/drivers_deprecated/i2s/i2s-v1.c:40
/module/data/BUILD/GAP8_V2/GCC_RISCV/test:1c00f538 00000004 b __rt_io_event_current	/gap_sdk/rtos/pulp/pulp-os/libs/io/io.c:40
/module/data/BUILD/GAP8_V2/GCC_RISCV/test:1c00f53c 00000004 b __rt_io_pending_flush	/gap_sdk/rtos/pulp/pulp-os/libs/io/io.c:50
/module/data/BUILD/GAP8_V2/GCC_RISCV/test:1c00f050 00000004 V __rt_iodev
/module/data/BUILD/GAP8_V2/GCC_RISCV/test:1c00f054 00000004 V __rt_iodev_uart_baudrate
/module/data/BUILD/GAP8_V2/GCC_RISCV/test:1c00f514 00000004 V __rt_iodev_uart_channel
/module/data/BUILD/GAP8_V2/GCC_RISCV/test:1c00f058 00000004 V __rt_platform
/module/data/BUILD/GAP8_V2/GCC_RISCV/test:1c00f540 00000004 b __rt_putc_host_buffer_index	/gap_sdk/rtos/pulp/pulp-os/libs/io/io.c:48
/module/data/BUILD/GAP8_V2/GCC_RISCV/test:000003dc 00000004 D __rt_rtc_init_done	/gap_sdk/rtos/pulp/pulp-os/drivers_deprecated/dolphin/rtc.c:26
/module/data/BUILD/GAP8_V2/GCC_RISCV/test:1c00f578 00000004 B __rt_wakeup_use_fast	/gap_sdk/rtos/pulp/pulp-os/kernel/gap/pmu_driver.c:173
/module/data/BUILD/GAP8_V2/GCC_RISCV/test:000003e0 00000004 D __rtc_handler	/gap_sdk/rtos/pulp/pulp-os/drivers_deprecated/dolphin/rtc.c:25
/module/data/BUILD/GAP8_V2/GCC_RISCV/test:1c00f544 00000004 b _rt_io_uart	/gap_sdk/rtos/pulp/pulp-os/libs/io/io.c:38
/module/data/BUILD/GAP8_V2/GCC_RISCV/test:1c00f06c 00000004 D buff	/module/data/model.c:56
/module/data/BUILD/GAP8_V2/GCC_RISCV/test:1c00e690 00000004 t ctor_list	/gap_sdk/rtos/pulp/pulp-os/kernel/init.c:29
/module/data/BUILD/GAP8_V2/GCC_RISCV/test:1c00e6e0 00000004 t dtor_list	/gap_sdk/rtos/pulp/pulp-os/kernel/init.c:30
/module/data/BUILD/GAP8_V2/GCC_RISCV/test:1c00f56c 00000004 B first_delayed
/module/data/BUILD/GAP8_V2/GCC_RISCV/test:1000001c 00000004 D model_L1_Memory
/module/data/BUILD/GAP8_V2/GCC_RISCV/test:1c00f064 00000004 D model_L2_Memory
/module/data/BUILD/GAP8_V2/GCC_RISCV/test:1c00f510 00000004 B model_L3_Flash
/module/data/BUILD/GAP8_V2/GCC_RISCV/test:1c00f55c 00000004 B model_L3_Memory	/module/data/BUILD_MODEL_SQ8BIT/modelKernels.c:4
/module/data/BUILD/GAP8_V2/GCC_RISCV/test:1c009f2e 00000004 T pi_open_from_conf	/gap_sdk/rtos/pulp/pulp-os/kernel/init.c:325
/module/data/BUILD/GAP8_V2/GCC_RISCV/test:1c008ee8 00000004 T pi_partition_table_load	/gap_sdk/rtos/pmsis/pmsis_bsp/partition/partition.c:51
/module/data/BUILD/GAP8_V2/GCC_RISCV/test:1c00a93a 00000004 T pi_time_wait_us	/gap_sdk/rtos/pulp/pulp-os/kernel/time.c:131
/module/data/BUILD/GAP8_V2/GCC_RISCV/test:000003a4 00000004 D pwmEventsStatus	/gap_sdk/rtos/pulp/pulp-os/drivers/pwm/pwm.c:9
/module/data/BUILD/GAP8_V2/GCC_RISCV/test:1c00f51c 00000004 b timer_count	/gap_sdk/rtos/pulp/pulp-os/kernel/time.c:23
/module/data/BUILD/GAP8_V2/GCC_RISCV/test:1c007ae6 00000006 t __pi_host_fs_seek	/gap_sdk/rtos/pmsis/pmsis_bsp/fs/host_fs/host_fs.c:109
/module/data/BUILD/GAP8_V2/GCC_RISCV/test:1c00b172 00000006 T __rt_fll_set_freq	/gap_sdk/rtos/pulp/pulp-os/kernel/gap/pmu_driver.c:884
/module/data/BUILD/GAP8_V2/GCC_RISCV/test:1c00a848 00000006 T pi_cl_l1_malloc	/gap_sdk/rtos/pulp/pulp-os/kernel/alloc.c:582
/module/data/BUILD/GAP8_V2/GCC_RISCV/test:1c00b368 00000006 T pi_cluster_conf_init	/gap_sdk/rtos/pulp/pulp-os/kernel/cluster.c:337
/module/data/BUILD/GAP8_V2/GCC_RISCV/test:1c00d494 00000006 T putchar	/gap_sdk/rtos/pulp/pulp-os/libs/io/io.c:621
/module/data/BUILD/GAP8_V2/GCC_RISCV/test:1c009c3c 00000006 T semihost_write0	/gap_sdk/rtos/pmsis/pmsis_bsp/fs/host_fs/semihost.c:6
/module/data/BUILD/GAP8_V2/GCC_RISCV/test:1c00f070 00000007 d SystemStateToSCUFastSeq	/gap_sdk/rtos/pulp/pulp-os/kernel/gap/pmu_driver.c:176
/module/data/BUILD/GAP8_V2/GCC_RISCV/test:1c00f090 00000008 D FllsFrequency
/module/data/BUILD/GAP8_V2/GCC_RISCV/test:1c00f570 00000008 B __rt_freq_domains
/module/data/BUILD/GAP8_V2/GCC_RISCV/test:1c00bfd6 00000008 T __rt_hyper_resume_emu_task	/gap_sdk/rtos/pulp/pulp-os/drivers/hyper/hyperram-v1.c:980
/module/data/BUILD/GAP8_V2/GCC_RISCV/test:000002b0 00000008 D __rt_socevents_status
/module/data/BUILD/GAP8_V2/GCC_RISCV/test:1c00f530 00000008 b __rt_spim_open_count	/gap_sdk/rtos/pulp/pulp-os/drivers_deprecated/spim/spim-v2.c:26
/module/data/BUILD/GAP8_V2/GCC_RISCV/test:1c008dea 00000008 T extern_alloc_deinit	/gap_sdk/rtos/pmsis/pmsis_bsp/ram/alloc_extern.c:128
/module/data/BUILD/GAP8_V2/GCC_RISCV/test:1c00a66e 00000008 T pi_cl_send_task_to_fc	/gap_sdk/rtos/pulp/pulp-os/kernel/events.c:280
/module/data/BUILD/GAP8_V2/GCC_RISCV/test:1c007438 00000008 t pi_flash_read_async	/gap_sdk/rtos/pmsis/pmsis_bsp/include/bsp/flash.h:422
/module/data/BUILD/GAP8_V2/GCC_RISCV/test:1c0073ca 00000008 T pi_fs_open	/gap_sdk/rtos/pmsis/pmsis_bsp/fs/fs.c:74
/module/data/BUILD/GAP8_V2/GCC_RISCV/test:1c0073d2 00000008 T pi_fs_read_async	/gap_sdk/rtos/pmsis/pmsis_bsp/fs/fs.c:85
/module/data/BUILD/GAP8_V2/GCC_RISCV/test:1c0073c2 00000008 T pi_fs_unmount	/gap_sdk/rtos/pmsis/pmsis_bsp/fs/fs.c:68
/module/data/BUILD/GAP8_V2/GCC_RISCV/test:1c007400 00000008 T pi_fs_write_async	/gap_sdk/rtos/pmsis/pmsis_bsp/fs/fs.c:98
/module/data/BUILD/GAP8_V2/GCC_RISCV/test:1c009c6e 00000008 T semihost_close	/gap_sdk/rtos/pmsis/pmsis_bsp/fs/host_fs/semihost.c:18
/module/data/BUILD/GAP8_V2/GCC_RISCV/test:1c009cc8 00000008 T semihost_exit	/gap_sdk/rtos/pmsis/pmsis_bsp/fs/host_fs/semihost.c:47
/module/data/BUILD/GAP8_V2/GCC_RISCV/test:1c007dba 0000000a T __himax_capture_async	/gap_sdk/rtos/pmsis/pmsis_bsp/camera/himax/himax.c:475
/module/data/BUILD/GAP8_V2/GCC_RISCV/test:1c00ce2c 0000000a T __rt_himax_init	/gap_sdk/rtos/pulp/pulp-os/drivers_deprecated/camera/himax.c:400
/module/data/BUILD/GAP8_V2/GCC_RISCV/test:1c00d538 0000000a T abort	/gap_sdk/rtos/pulp/pulp-os/libs/io/io.c:739
/module/data/BUILD/GAP8_V2/GCC_RISCV/test:1c009d34 0000000a T bsp_hyperflash_conf_init	/gap_sdk/rtos/pmsis/pmsis_bsp/bsp/ai_deck.c:58
/module/data/BUILD/GAP8_V2/GCC_RISCV/test:1c00c010 0000000a T pi_cpi_conf_init	/gap_sdk/rtos/pulp/pulp-os/drivers/cpi/cpi-v1.c:29
/module/data/BUILD/GAP8_V2/GCC_RISCV/test:1c00742e 0000000a T pi_fs_copy_async	/gap_sdk/rtos/pmsis/pmsis_bsp/fs/fs.c:124
/module/data/BUILD/GAP8_V2/GCC_RISCV/test:1c008edc 0000000a T pi_partition_get_flash_offset	/gap_sdk/rtos/pmsis/pmsis_bsp/partition/partition.c:38
/module/data/BUILD/GAP8_V2/GCC_RISCV/test:1c00ca8c 0000000a T rt_extern_alloc_deinit	/gap_sdk/rtos/pulp/pulp-os/kernel/alloc_extern.c:129
/module/data/BUILD/GAP8_V2/GCC_RISCV/test:1c00f230 0000000c b HyperRam	/module/data/BUILD_MODEL_SQ8BIT/modelKernels.c:5
/module/data/BUILD/GAP8_V2/GCC_RISCV/test:1c007ab4 0000000c t __pi_host_fs_mount	/gap_sdk/rtos/pmsis/pmsis_bsp/fs/host_fs/host_fs.c:34
/module/data/BUILD/GAP8_V2/GCC_RISCV/test:00000004 0000000c D __rt_cluster_pool
/module/data/BUILD/GAP8_V2/GCC_RISCV/test:1c00ca28 0000000c T __rt_padframe_init	/gap_sdk/rtos/pulp/pulp-os/drivers_deprecated/pads/pads-v1.c:58
/module/data/BUILD/GAP8_V2/GCC_RISCV/test:1c00cb02 0000000c T __rt_udma_channel_reg_data	/gap_sdk/rtos/pulp/pulp-os/drivers/udma/udma-v2.c:100
/module/data/BUILD/GAP8_V2/GCC_RISCV/test:1c00f208 0000000c b camera	/module/data/model.c:54
/module/data/BUILD/GAP8_V2/GCC_RISCV/test:1c008b5e 0000000c T hyperram_free	/gap_sdk/rtos/pmsis/pmsis_bsp/ram/hyperram/hyperram.c:163
/module/data/BUILD/GAP8_V2/GCC_RISCV/test:1c007c72 0000000c T pi_camera_open	/gap_sdk/rtos/pmsis/pmsis_bsp/camera/camera.c:24
/module/data/BUILD/GAP8_V2/GCC_RISCV/test:1c007344 0000000c T pi_flash_open	/gap_sdk/rtos/pmsis/pmsis_bsp/flash/flash.c:24
/module/data/BUILD/GAP8_V2/GCC_RISCV/test:1c008cf0 0000000c T pi_ram_open	/gap_sdk/rtos/pmsis/pmsis_bsp/ram/ram.c:23
/module/data/BUILD/GAP8_V2/GCC_RISCV/test:1c009c2e 0000000e t __internal_semihost	/gap_sdk/rtos/pmsis/pmsis_bsp/fs/host_fs/semihost.h:75
/module/data/BUILD/GAP8_V2/GCC_RISCV/test:1c00ce6c 0000000e t __rt_io_end_of_flush	/gap_sdk/rtos/pulp/pulp-os/libs/io/io.c:366
/module/data/BUILD/GAP8_V2/GCC_RISCV/test:1c008194 0000000e t hyperflash_ioctl	/gap_sdk/rtos/pmsis/pmsis_bsp/flash/hyperflash/hyperflash.c:209
/module/data/BUILD/GAP8_V2/GCC_RISCV/test:1c008282 0000000e t hyperflash_set_reg_exec	/gap_sdk/rtos/pmsis/pmsis_bsp/flash/hyperflash/hyperflash.c:94
/module/data/BUILD/GAP8_V2/GCC_RISCV/test:1c00a84e 0000000e T pi_l2_malloc	/gap_sdk/rtos/pulp/pulp-os/kernel/alloc.c:595
/module/data/BUILD/GAP8_V2/GCC_RISCV/test:1c00cb0e 0000000e T pi_pwm_conf_init	/gap_sdk/rtos/pulp/pulp-os/drivers/pwm/pwm-v1.c:46
/module/data/BUILD/GAP8_V2/GCC_RISCV/test:1c00f078 00000010 D PMUState
/module/data/BUILD/GAP8_V2/GCC_RISCV/test:1c00747e 00000010 t __pi_read_fs_seek	/gap_sdk/rtos/pmsis/pmsis_bsp/fs/read_fs/read_fs.c:517
/module/data/BUILD/GAP8_V2/GCC_RISCV/test:1b000c0c 00000010 d __rt_io_fc_lock	/gap_sdk/rtos/pulp/pulp-os/libs/io/io.c:35
/module/data/BUILD/GAP8_V2/GCC_RISCV/test:1c00ef40 00000010 V __rt_padframe_default	/gap_sdk/rtos/pulp/pulp-os/drivers_deprecated/pads/pads-v1.c:28
/module/data/BUILD/GAP8_V2/GCC_RISCV/test:1c00ef50 00000010 V __rt_padframe_hyper	/gap_sdk/rtos/pulp/pulp-os/drivers_deprecated/pads/pads-v1.c:30
/module/data/BUILD/GAP8_V2/GCC_RISCV/test:1c00ef60 00000010 V __rt_padframe_hyper_gpio	/gap_sdk/rtos/pulp/pulp-os/drivers_deprecated/pads/pads-v1.c:32
/module/data/BUILD/GAP8_V2/GCC_RISCV/test:1c00f500 00000010 b __rt_uart	/gap_sdk/rtos/pulp/pulp-os/drivers_deprecated/uart/uart.c:43
/module/data/BUILD/GAP8_V2/GCC_RISCV/test:1c009d68 00000010 T bsp_himax_open
/module/data/BUILD/GAP8_V2/GCC_RISCV/test:1c009d3e 00000010 T bsp_hyperflash_open
/module/data/BUILD/GAP8_V2/GCC_RISCV/test:1c009d24 00000010 T bsp_hyperram_open
/module/data/BUILD/GAP8_V2/GCC_RISCV/test:1c008b7c 00000010 t hyperram_copy_async	/gap_sdk/rtos/pmsis/pmsis_bsp/ram/hyperram/hyperram.c:127
/module/data/BUILD/GAP8_V2/GCC_RISCV/test:1c00d278 00000010 T memset	/gap_sdk/rtos/pulp/pulp-os/libs/io/io.c:150
/module/data/BUILD/GAP8_V2/GCC_RISCV/test:1c00b8a4 00000010 T pi_hyper_conf_init	/gap_sdk/rtos/pulp/pulp-os/drivers/hyper/hyperram-v1.c:200
/module/data/BUILD/GAP8_V2/GCC_RISCV/test:1c00a85c 00000010 T pi_l2_free	/gap_sdk/rtos/pulp/pulp-os/kernel/alloc.c:600
/module/data/BUILD/GAP8_V2/GCC_RISCV/test:1c00e302 00000010 T rt_uart_conf_init
/module/data/BUILD/GAP8_V2/GCC_RISCV/test:1c00ea20 00000012 r ExpCoeffLUT	/gap_sdk/tools/autotiler_v3/CNN_Libraries_SQ8/CNN_SoftMax_SQ8.c:38
/module/data/BUILD/GAP8_V2/GCC_RISCV/test:1c00b15c 00000012 T __rt_fll_init	/gap_sdk/rtos/pulp/pulp-os/kernel/gap/pmu_driver.c:871
/module/data/BUILD/GAP8_V2/GCC_RISCV/test:1c00ce36 00000012 T __rt_i2c_init	/gap_sdk/rtos/pulp/pulp-os/drivers_deprecated/i2c/i2c-v2.c:236
/module/data/BUILD/GAP8_V2/GCC_RISCV/test:1c00ce48 00000012 T __rt_rtc_init	/gap_sdk/rtos/pulp/pulp-os/drivers_deprecated/dolphin/rtc.c:414
/module/data/BUILD/GAP8_V2/GCC_RISCV/test:1c00ce5a 00000012 T __rt_spim_init	/gap_sdk/rtos/pulp/pulp-os/drivers_deprecated/spim/spim-v2.c:446
/module/data/BUILD/GAP8_V2/GCC_RISCV/test:1c008b6a 00000012 t hyperram_copy_2d_async	/gap_sdk/rtos/pmsis/pmsis_bsp/ram/hyperram/hyperram.c:139
/module/data/BUILD/GAP8_V2/GCC_RISCV/test:1c007384 00000012 T pi_fs_conf_init	/gap_sdk/rtos/pmsis/pmsis_bsp/fs/fs.c:26
/module/data/BUILD/GAP8_V2/GCC_RISCV/test:1c00f548 00000014 B AT_GraphPerf
/module/data/BUILD/GAP8_V2/GCC_RISCV/test:1c00c102 00000014 t __rt_cpi_init	/gap_sdk/rtos/pulp/pulp-os/drivers/cpi/cpi-v1.c:115
/module/data/BUILD/GAP8_V2/GCC_RISCV/test:1c00a658 00000014 T __rt_event_sched_init	/gap_sdk/rtos/pulp/pulp-os/kernel/events.c:264
/module/data/BUILD/GAP8_V2/GCC_RISCV/test:0000001c 00000014 D __rt_sched
/module/data/BUILD/GAP8_V2/GCC_RISCV/test:1c00b7e2 00000014 t l2_memcpy	/gap_sdk/rtos/pulp/pulp-os/drivers/hyper/hyperram-v1.c:897
/module/data/BUILD/GAP8_V2/GCC_RISCV/test:1c00c45e 00000014 T pi_i2c_conf_init	/gap_sdk/rtos/pulp/pulp-os/drivers/i2c/i2c-v2.c:300
/module/data/BUILD/GAP8_V2/GCC_RISCV/test:1c00d22e 00000014 T strcmp	/gap_sdk/rtos/pulp/pulp-os/libs/io/io.c:97
/module/data/BUILD/GAP8_V2/GCC_RISCV/test:1c00bbac 00000016 T pi_hyper_read_async	/gap_sdk/rtos/pulp/pulp-os/drivers/hyper/hyperram-v1.c:380
/module/data/BUILD/GAP8_V2/GCC_RISCV/test:1c009cb2 00000016 T semihost_seek	/gap_sdk/rtos/pmsis/pmsis_bsp/fs/host_fs/semihost.c:36
/module/data/BUILD/GAP8_V2/GCC_RISCV/test:1c00d262 00000016 T strlen	/gap_sdk/rtos/pulp/pulp-os/libs/io/io.c:124
/module/data/BUILD/GAP8_V2/GCC_RISCV/test:1c00ea34 00000018 r FractionExpLUT	/gap_sdk/tools/autotiler_v3/CNN_Libraries_SQ8/CNN_SoftMax_SQ8.c:32
/module/data/BUILD/GAP8_V2/GCC_RISCV/test:1c00ea4c 00000018 r IntegerExpLUT	/gap_sdk/tools/autotiler_v3/CNN_Libraries_SQ8/CNN_SoftMax_SQ8.c:27
/module/data/BUILD/GAP8_V2/GCC_RISCV/test:1c007d46 00000018 T __himax_reg_set	/gap_sdk/rtos/pmsis/pmsis_bsp/camera/himax/himax.c:484
/module/data/BUILD/GAP8_V2/GCC_RISCV/test:1c0074e6 00000018 t __pi_read_fs_copy_2d_async	/gap_sdk/rtos/pmsis/pmsis_bsp/fs/read_fs/read_fs.c:657
/module/data/BUILD/GAP8_V2/GCC_RISCV/test:1c0074ce 00000018 t __pi_read_fs_copy_async	/gap_sdk/rtos/pmsis/pmsis_bsp/fs/read_fs/read_fs.c:648
/module/data/BUILD/GAP8_V2/GCC_RISCV/test:1c00ef70 00000018 V __rt_padframe_profiles
/module/data/BUILD/GAP8_V2/GCC_RISCV/test:1c00a86c 00000018 t __rt_time_poweroff	/gap_sdk/rtos/pulp/pulp-os/kernel/time.c:28
/module/data/BUILD/GAP8_V2/GCC_RISCV/test:1c00a884 00000018 t __rt_time_poweron	/gap_sdk/rtos/pulp/pulp-os/kernel/time.c:37
/module/data/BUILD/GAP8_V2/GCC_RISCV/test:1c00caea 00000018 T __rt_udma_channel_init	/gap_sdk/rtos/pulp/pulp-os/drivers/udma/udma-v2.c:89
/module/data/BUILD/GAP8_V2/GCC_RISCV/test:1c00a4c0 00000018 T __rt_wait_event_prepare_blocking	/gap_sdk/rtos/pulp/pulp-os/kernel/events.c:42
/module/data/BUILD/GAP8_V2/GCC_RISCV/test:1c009d0c 00000018 T bsp_hyperram_conf_init	/gap_sdk/rtos/pmsis/pmsis_bsp/bsp/ai_deck.c:40
/module/data/BUILD/GAP8_V2/GCC_RISCV/test:1b000bf0 00000018 d cbsys_first	/gap_sdk/rtos/pulp/pulp-os/kernel/utils.c:30
/module/data/BUILD/GAP8_V2/GCC_RISCV/test:1c00826a 00000018 t hyperflash_copy_2d_async
/module/data/BUILD/GAP8_V2/GCC_RISCV/test:1c00ef28 00000018 d hyperram_api	/gap_sdk/rtos/pmsis/pmsis_bsp/ram/hyperram/hyperram.c:219
/module/data/BUILD/GAP8_V2/GCC_RISCV/test:1c00bfa4 00000018 T pi_hyper_read_2d_async	/gap_sdk/rtos/pulp/pulp-os/drivers/hyper/hyperram-v1.c:420
/module/data/BUILD/GAP8_V2/GCC_RISCV/test:1c00bbe4 00000018 T pi_hyper_write_async	/gap_sdk/rtos/pulp/pulp-os/drivers/hyper/hyperram-v1.c:400
/module/data/BUILD/GAP8_V2/GCC_RISCV/test:1c0056e0 0000001a t LastDefinedOutput	/gap_sdk/tools/autotiler_v3/CNN_Libraries_SQ8/CNN_Conv_SQ8.c:32
/module/data/BUILD/GAP8_V2/GCC_RISCV/test:1c00649e 0000001a t LastDefinedOutput	/gap_sdk/tools/autotiler_v3/CNN_Libraries_SQ8/CNN_Pooling_SQ8.c:33
/module/data/BUILD/GAP8_V2/GCC_RISCV/test:1c009d4e 0000001a T bsp_himax_conf_init	/gap_sdk/rtos/pmsis/pmsis_bsp/bsp/ai_deck.c:105
/module/data/BUILD/GAP8_V2/GCC_RISCV/test:1c00d44a 0000001a T fputc_locked
/module/data/BUILD/GAP8_V2/GCC_RISCV/test:1c00871c 0000001a t hyperflash_copy_async	/gap_sdk/rtos/pmsis/pmsis_bsp/flash/hyperflash/hyperflash.c:722
/module/data/BUILD/GAP8_V2/GCC_RISCV/test:1c001db6 0000001a T main	/module/data/model.c:267
/module/data/BUILD/GAP8_V2/GCC_RISCV/test:1c00bfbc 0000001a T pi_hyper_write_2d_async	/gap_sdk/rtos/pulp/pulp-os/drivers/hyper/hyperram-v1.c:440
/module/data/BUILD/GAP8_V2/GCC_RISCV/test:1c008c48 0000001a T pi_hyperram_conf_init	/gap_sdk/rtos/pmsis/pmsis_bsp/ram/hyperram/hyperram.c:229
/module/data/BUILD/GAP8_V2/GCC_RISCV/test:1c00c83a 0000001a T pi_uart_conf_init	/gap_sdk/rtos/pulp/pulp-os/drivers/uart/uart.c:211
/module/data/BUILD/GAP8_V2/GCC_RISCV/test:1c00c946 0000001a T pi_uart_write_async	/gap_sdk/rtos/pulp/pulp-os/drivers/uart/uart.c:454
/module/data/BUILD/GAP8_V2/GCC_RISCV/test:1c00a54e 0000001a T rt_event_get	/gap_sdk/rtos/pulp/pulp-os/kernel/events.c:105
/module/data/BUILD/GAP8_V2/GCC_RISCV/test:1c00a63e 0000001a T rt_event_wait	/gap_sdk/rtos/pulp/pulp-os/kernel/events.c:257
/module/data/BUILD/GAP8_V2/GCC_RISCV/test:1c00d2be 0000001a T strchr	/gap_sdk/rtos/pulp/pulp-os/libs/io/io.c:278
/module/data/BUILD/GAP8_V2/GCC_RISCV/test:1c00f214 0000001c b HyperFlash	/module/data/BUILD_MODEL_SQ8BIT/modelKernels.c:6
/module/data/BUILD/GAP8_V2/GCC_RISCV/test:1c007bfa 0000001c t __pi_host_fs_close	/gap_sdk/rtos/pmsis/pmsis_bsp/fs/host_fs/host_fs.c:67
/module/data/BUILD/GAP8_V2/GCC_RISCV/test:1c008178 0000001c t __rt_event_enqueue	/gap_sdk/install/GAP8_V2/include/rt/rt_event.h:397
/module/data/BUILD/GAP8_V2/GCC_RISCV/test:1c00a202 0000001c t __rt_event_enqueue	/gap_sdk/install/GAP8_V2/include/rt/rt_event.h:397
/module/data/BUILD/GAP8_V2/GCC_RISCV/test:1c00eeb8 0000001c d himax_api	/gap_sdk/rtos/pmsis/pmsis_bsp/camera/himax/himax.c:502
/module/data/BUILD/GAP8_V2/GCC_RISCV/test:1c008cd2 0000001e t __pi_ram_cluster_req_done	/gap_sdk/rtos/pmsis/pmsis_bsp/ram/ram.c:37
/module/data/BUILD/GAP8_V2/GCC_RISCV/test:1c00a348 0000001e T __rt_bridge_set_available	/gap_sdk/rtos/pulp/pulp-os/kernel/bridge.c:725
/module/data/BUILD/GAP8_V2/GCC_RISCV/test:1c008736 0000001e t hyperflash_close	/gap_sdk/rtos/pmsis/pmsis_bsp/flash/hyperflash/hyperflash.c:200
/module/data/BUILD/GAP8_V2/GCC_RISCV/test:1c008b40 0000001e T hyperram_alloc	/gap_sdk/rtos/pmsis/pmsis_bsp/ram/hyperram/hyperram.c:152
/module/data/BUILD/GAP8_V2/GCC_RISCV/test:1c00b7c4 0000001e T pi_pad_init	/gap_sdk/rtos/pulp/pulp-os/drivers/pads/pads-v1.c:31
/module/data/BUILD/GAP8_V2/GCC_RISCV/test:1c009c76 0000001e T semihost_read	/gap_sdk/rtos/pmsis/pmsis_bsp/fs/host_fs/semihost.c:24
/module/data/BUILD/GAP8_V2/GCC_RISCV/test:1c009c94 0000001e T semihost_write	/gap_sdk/rtos/pmsis/pmsis_bsp/fs/host_fs/semihost.c:30
/module/data/BUILD/GAP8_V2/GCC_RISCV/test:10000020 00000020 d Reduct.15734
/module/data/BUILD/GAP8_V2/GCC_RISCV/test:1c007cc0 00000020 t __himax_reg_write	/gap_sdk/rtos/pmsis/pmsis_bsp/camera/himax/himax.c:163
/module/data/BUILD/GAP8_V2/GCC_RISCV/test:1c00a21e 00000020 t __rt_bridge_check_bridge_req.part.5	/gap_sdk/rtos/pulp/pulp-os/kernel/bridge.c:638
/module/data/BUILD/GAP8_V2/GCC_RISCV/test:1c00f370 00000020 b __rt_cpi	/gap_sdk/rtos/pulp/pulp-os/drivers/cpi/cpi-v1.c:23
/module/data/BUILD/GAP8_V2/GCC_RISCV/test:1c00f168 00000020 d __rt_i2c	/gap_sdk/rtos/pulp/pulp-os/drivers_deprecated/i2c/i2c-v2.c:28
/module/data/BUILD/GAP8_V2/GCC_RISCV/test:1c00d672 00000020 t _rlrshift	/gap_sdk/rtos/pulp/pulp-os/libs/io/prf.c:122
/module/data/BUILD/GAP8_V2/GCC_RISCV/test:1c00cf66 00000020 t rt_event_execute.isra.4.constprop.12	/gap_sdk/rtos/pulp/pulp-os/libs/io/io.c:795
/module/data/BUILD/GAP8_V2/GCC_RISCV/test:1c00a676 00000020 T rt_user_alloc_init	/gap_sdk/rtos/pulp/pulp-os/kernel/alloc.c:193
/module/data/BUILD/GAP8_V2/GCC_RISCV/test:1c00d242 00000020 T strncmp	/gap_sdk/rtos/pulp/pulp-os/libs/io/io.c:108
/module/data/BUILD/GAP8_V2/GCC_RISCV/test:1c007dc4 00000022 t __himax_standby
/module/data/BUILD/GAP8_V2/GCC_RISCV/test:1c00a388 00000022 T __rt_bridge_clear_notif	/gap_sdk/rtos/pulp/pulp-os/kernel/bridge.c:838
/module/data/BUILD/GAP8_V2/GCC_RISCV/test:1c00a366 00000022 T __rt_bridge_send_notif	/gap_sdk/rtos/pulp/pulp-os/kernel/bridge.c:821
/module/data/BUILD/GAP8_V2/GCC_RISCV/test:1c00c5d4 00000022 t __rt_uart_setfreq_after	/gap_sdk/rtos/pulp/pulp-os/drivers/uart/uart.c:312
/module/data/BUILD/GAP8_V2/GCC_RISCV/test:1c00e20a 00000022 t __rt_uart_setfreq_after	/gap_sdk/rtos/pulp/pulp-os/drivers_deprecated/uart/uart.c:135
/module/data/BUILD/GAP8_V2/GCC_RISCV/test:1c00a10c 00000022 T __rt_utils_init	/gap_sdk/rtos/pulp/pulp-os/kernel/utils.c:84
/module/data/BUILD/GAP8_V2/GCC_RISCV/test:1c008a24 00000022 t hyperflash_erase	/gap_sdk/rtos/pmsis/pmsis_bsp/flash/hyperflash/hyperflash.c:777
/module/data/BUILD/GAP8_V2/GCC_RISCV/test:1c008862 00000022 t hyperflash_erase_chip	/gap_sdk/rtos/pmsis/pmsis_bsp/flash/hyperflash/hyperflash.c:761
/module/data/BUILD/GAP8_V2/GCC_RISCV/test:1c008840 00000022 t hyperflash_erase_sector	/gap_sdk/rtos/pmsis/pmsis_bsp/flash/hyperflash/hyperflash.c:769
/module/data/BUILD/GAP8_V2/GCC_RISCV/test:1c0088ea 00000022 t hyperflash_program	/gap_sdk/rtos/pmsis/pmsis_bsp/flash/hyperflash/hyperflash.c:753
/module/data/BUILD/GAP8_V2/GCC_RISCV/test:1c008884 00000022 t hyperflash_read	/gap_sdk/rtos/pmsis/pmsis_bsp/flash/hyperflash/hyperflash.c:744
/module/data/BUILD/GAP8_V2/GCC_RISCV/test:1c0088a6 00000022 t hyperflash_reg_get	/gap_sdk/rtos/pmsis/pmsis_bsp/flash/hyperflash/hyperflash.c:794
/module/data/BUILD/GAP8_V2/GCC_RISCV/test:1c0088c8 00000022 t hyperflash_reg_set	/gap_sdk/rtos/pmsis/pmsis_bsp/flash/hyperflash/hyperflash.c:786
/module/data/BUILD/GAP8_V2/GCC_RISCV/test:1c008b8c 00000022 t hyperram_close	/gap_sdk/rtos/pmsis/pmsis_bsp/ram/hyperram/hyperram.c:117
/module/data/BUILD/GAP8_V2/GCC_RISCV/test:1c00bbc2 00000022 T pi_hyper_read	/gap_sdk/rtos/pulp/pulp-os/drivers/hyper/hyperram-v1.c:390
/module/data/BUILD/GAP8_V2/GCC_RISCV/test:1c00bbfc 00000022 T pi_hyper_write	/gap_sdk/rtos/pulp/pulp-os/drivers/hyper/hyperram-v1.c:411
/module/data/BUILD/GAP8_V2/GCC_RISCV/test:1c00a568 00000022 T rt_event_get_blocking	/gap_sdk/rtos/pulp/pulp-os/kernel/events.c:127
/module/data/BUILD/GAP8_V2/GCC_RISCV/test:1c007de6 00000024 t __himax_close	/gap_sdk/rtos/pmsis/pmsis_bsp/camera/himax/himax.c:423
/module/data/BUILD/GAP8_V2/GCC_RISCV/test:1c007b92 00000024 t __pi_host_fs_read_async	/gap_sdk/rtos/pmsis/pmsis_bsp/fs/host_fs/host_fs.c:74
/module/data/BUILD/GAP8_V2/GCC_RISCV/test:1c00a788 00000024 T __rt_alloc_init_l1	/gap_sdk/rtos/pulp/pulp-os/kernel/alloc.c:445
/module/data/BUILD/GAP8_V2/GCC_RISCV/test:1c00e1e6 00000024 t __rt_uart_setup.isra.5	/gap_sdk/rtos/pulp/pulp-os/drivers_deprecated/uart/uart.c:222
/module/data/BUILD/GAP8_V2/GCC_RISCV/test:1c0090c2 00000024 T flash_partition_table_free	/gap_sdk/rtos/pmsis/pmsis_bsp/partition/flash_partition.c:221
/module/data/BUILD/GAP8_V2/GCC_RISCV/test:1c00c322 00000024 T pi_i2c_read	/gap_sdk/rtos/pulp/pulp-os/drivers/i2c/i2c-v2.c:230
/module/data/BUILD/GAP8_V2/GCC_RISCV/test:1c00c242 00000024 T pi_i2c_write	/gap_sdk/rtos/pulp/pulp-os/drivers/i2c/i2c-v2.c:182
/module/data/BUILD/GAP8_V2/GCC_RISCV/test:1c0074fe 00000024 t rt_event_enqueue	/gap_sdk/install/GAP8_V2/include/rt/rt_event.h:411
/module/data/BUILD/GAP8_V2/GCC_RISCV/test:1c007ac2 00000024 t rt_event_enqueue	/gap_sdk/install/GAP8_V2/include/rt/rt_event.h:411
/module/data/BUILD/GAP8_V2/GCC_RISCV/test:1c00b7f6 00000024 t rt_event_enqueue	/gap_sdk/install/GAP8_V2/include/rt/rt_event.h:411
/module/data/BUILD/GAP8_V2/GCC_RISCV/test:1c00a58a 00000024 T rt_event_push	/gap_sdk/rtos/pulp/pulp-os/kernel/events.c:139
/module/data/BUILD/GAP8_V2/GCC_RISCV/test:1c00a916 00000024 T rt_time_wait_us	/gap_sdk/rtos/pulp/pulp-os/kernel/time.c:124
/module/data/BUILD/GAP8_V2/GCC_RISCV/test:1c00e1c0 00000026 T __rt_uart_cluster_req_done	/gap_sdk/rtos/pulp/pulp-os/drivers_deprecated/uart/uart.c:253
/module/data/BUILD/GAP8_V2/GCC_RISCV/test:1c009d78 00000026 t cluster_start	/gap_sdk/rtos/pulp/pulp-os/kernel/init.c:198
/module/data/BUILD/GAP8_V2/GCC_RISCV/test:1c0073da 00000026 T pi_fs_read	/gap_sdk/rtos/pmsis/pmsis_bsp/fs/fs.c:90
/module/data/BUILD/GAP8_V2/GCC_RISCV/test:1c007408 00000026 T pi_fs_write	/gap_sdk/rtos/pmsis/pmsis_bsp/fs/fs.c:103
/module/data/BUILD/GAP8_V2/GCC_RISCV/test:1c00ad58 00000026 t soc_eu_fcEventMask_setEvent	/gap_sdk/install/GAP8_V2/include/hal/soc_eu/soc_eu_v1.h:60
/module/data/BUILD/GAP8_V2/GCC_RISCV/test:1c00c116 00000026 t soc_eu_fcEventMask_setEvent	/gap_sdk/install/GAP8_V2/include/hal/soc_eu/soc_eu_v1.h:60
/module/data/BUILD/GAP8_V2/GCC_RISCV/test:1c00e2dc 00000026 t soc_eu_fcEventMask_setEvent	/gap_sdk/install/GAP8_V2/include/hal/soc_eu/soc_eu_v1.h:60
/module/data/BUILD/GAP8_V2/GCC_RISCV/test:1c00ee90 00000028 D __pi_host_fs_api
/module/data/BUILD/GAP8_V2/GCC_RISCV/test:1c007b6a 00000028 t __pi_host_fs_write_async	/gap_sdk/rtos/pmsis/pmsis_bsp/fs/host_fs/host_fs.c:100
/module/data/BUILD/GAP8_V2/GCC_RISCV/test:1c00ee68 00000028 D __pi_read_fs_api
/module/data/BUILD/GAP8_V2/GCC_RISCV/test:1c00cbe2 00000028 t __pos_pwm_init	/gap_sdk/rtos/pulp/pulp-os/drivers/pwm/pwm-v1.c:185
/module/data/BUILD/GAP8_V2/GCC_RISCV/test:1c009f06 00000028 T __rt_deinit	/gap_sdk/rtos/pulp/pulp-os/kernel/init.c:163
/module/data/BUILD/GAP8_V2/GCC_RISCV/test:1c00a498 00000028 T __rt_event_init	/gap_sdk/rtos/pulp/pulp-os/kernel/events.c:32
/module/data/BUILD/GAP8_V2/GCC_RISCV/test:1c00f580 00000028 B __rt_fc_cluster_data
/module/data/BUILD/GAP8_V2/GCC_RISCV/test:1c00d206 00000028 t __rt_io_stop	/gap_sdk/rtos/pulp/pulp-os/libs/io/io.c:769
/module/data/BUILD/GAP8_V2/GCC_RISCV/test:000002b8 00000028 D __rt_udma_extra_callback
/module/data/BUILD/GAP8_V2/GCC_RISCV/test:000002e0 00000028 D __rt_udma_extra_callback_arg
/module/data/BUILD/GAP8_V2/GCC_RISCV/test:1c00d49a 00000028 T _prf_locked	/gap_sdk/rtos/pulp/pulp-os/libs/io/io.c:626
/module/data/BUILD/GAP8_V2/GCC_RISCV/test:1c008b18 00000028 T pi_hyperflash_conf_init	/gap_sdk/rtos/pmsis/pmsis_bsp/flash/hyperflash/hyperflash.c:848
/module/data/BUILD/GAP8_V2/GCC_RISCV/test:1c00ca00 00000028 T rt_padframe_set	/gap_sdk/rtos/pulp/pulp-os/drivers_deprecated/pads/pads-v1.c:77
/module/data/BUILD/GAP8_V2/GCC_RISCV/test:1c007d1c 0000002a t __himax_set_qqvga	/gap_sdk/rtos/pmsis/pmsis_bsp/camera/himax/himax.c:214
/module/data/BUILD/GAP8_V2/GCC_RISCV/test:1c00a7ac 0000002a T __rt_alloc_init_l1_for_fc	/gap_sdk/rtos/pulp/pulp-os/kernel/alloc.c:452
/module/data/BUILD/GAP8_V2/GCC_RISCV/test:1c00cd82 0000002a t __rt_i2s_setfreq_after	/gap_sdk/rtos/pulp/pulp-os/drivers_deprecated/i2s/i2s-v1.c:235
/module/data/BUILD/GAP8_V2/GCC_RISCV/test:1c008816 0000002a t hyperflash_copy_2d	/gap_sdk/rtos/pmsis/pmsis_bsp/flash/hyperflash/hyperflash.c:812
/module/data/BUILD/GAP8_V2/GCC_RISCV/test:1c00ad2c 0000002c t SetFllMultDivFactors
/module/data/BUILD/GAP8_V2/GCC_RISCV/test:1c00b878 0000002c T __pi_hyper_pin_reset_settings	/gap_sdk/rtos/pulp/pulp-os/drivers/hyper/hyperram-v1.c:189
/module/data/BUILD/GAP8_V2/GCC_RISCV/test:1c00b84c 0000002c T __pi_hyper_pin_settings	/gap_sdk/rtos/pulp/pulp-os/drivers/hyper/hyperram-v1.c:181
/module/data/BUILD/GAP8_V2/GCC_RISCV/test:1c00cdac 0000002c t __rt_i2s_setfreq_before	/gap_sdk/rtos/pulp/pulp-os/drivers_deprecated/i2s/i2s-v1.c:219
/module/data/BUILD/GAP8_V2/GCC_RISCV/test:1c00f2c4 0000002c b __rt_pulpos_emu_global_cluster_task	/gap_sdk/rtos/pulp/pulp-os/kernel/pulpos_emu.c:26
/module/data/BUILD/GAP8_V2/GCC_RISCV/test:1c00c77a 0000002c t __rt_uart_setfreq_before	/gap_sdk/rtos/pulp/pulp-os/drivers/uart/uart.c:279
/module/data/BUILD/GAP8_V2/GCC_RISCV/test:1c00e26e 0000002c t __rt_uart_setfreq_before	/gap_sdk/rtos/pulp/pulp-os/drivers_deprecated/uart/uart.c:102
/module/data/BUILD/GAP8_V2/GCC_RISCV/test:1c00a612 0000002c T __rt_wait_event	/gap_sdk/rtos/pulp/pulp-os/kernel/events.c:247
/module/data/BUILD/GAP8_V2/GCC_RISCV/test:1c00890c 0000002c t hyperflash_copy	/gap_sdk/rtos/pmsis/pmsis_bsp/flash/hyperflash/hyperflash.c:802
/module/data/BUILD/GAP8_V2/GCC_RISCV/test:1c007396 0000002c T pi_fs_mount	/gap_sdk/rtos/pmsis/pmsis_bsp/fs/fs.c:40
/module/data/BUILD/GAP8_V2/GCC_RISCV/test:1c00d5b4 0000002c T printf	/gap_sdk/rtos/pulp/pulp-os/libs/io/fprintf.c:41
/module/data/BUILD/GAP8_V2/GCC_RISCV/test:1c00d41e 0000002c T puts	/gap_sdk/rtos/pulp/pulp-os/libs/io/io.c:576
/module/data/BUILD/GAP8_V2/GCC_RISCV/test:1c009c42 0000002c T semihost_open	/gap_sdk/rtos/pmsis/pmsis_bsp/fs/host_fs/semihost.c:11
/module/data/BUILD/GAP8_V2/GCC_RISCV/test:1c00c686 0000002e t __pi_uart_copy_enqueue_exec.isra.14	/gap_sdk/install/GAP8_V2/include/hal/udma/uart/udma_uart_v1.h:217
/module/data/BUILD/GAP8_V2/GCC_RISCV/test:1c00bfe2 0000002e t __rt_hyper_init	/gap_sdk/rtos/pulp/pulp-os/drivers/hyper/hyperram-v1.c:995
/module/data/BUILD/GAP8_V2/GCC_RISCV/test:1c00814a 0000002e T pi_himax_conf_init	/gap_sdk/rtos/pmsis/pmsis_bsp/camera/himax/himax.c:512
/module/data/BUILD/GAP8_V2/GCC_RISCV/test:1c00c960 0000002e T pi_uart_write	/gap_sdk/rtos/pulp/pulp-os/drivers/uart/uart.c:474
/module/data/BUILD/GAP8_V2/GCC_RISCV/test:1c00a75a 0000002e T rt_free
/module/data/BUILD/GAP8_V2/GCC_RISCV/test:1c00a0dc 00000030 T __rt_cbsys_exec	/gap_sdk/rtos/pulp/pulp-os/kernel/utils.c:71
/module/data/BUILD/GAP8_V2/GCC_RISCV/test:1c00d464 00000030 T fputc	/gap_sdk/rtos/pulp/pulp-os/libs/io/io.c:603
/module/data/BUILD/GAP8_V2/GCC_RISCV/test:1c008a46 00000030 t hyperflash_get_status_reg	/gap_sdk/rtos/pmsis/pmsis_bsp/flash/hyperflash/hyperflash.c:144
/module/data/BUILD/GAP8_V2/GCC_RISCV/test:1c00a72a 00000030 T rt_alloc
/module/data/BUILD/GAP8_V2/GCC_RISCV/test:1c009a28 00000032 T MD5_Init	/gap_sdk/rtos/pmsis/pmsis_bsp/crc/md5.c:207
/module/data/BUILD/GAP8_V2/GCC_RISCV/test:1c00a12e 00000032 T __rt_fc_lock	/gap_sdk/rtos/pulp/pulp-os/kernel/utils.c:92
/module/data/BUILD/GAP8_V2/GCC_RISCV/test:1c00b446 00000032 T pi_cluster_close	/gap_sdk/rtos/pulp/pulp-os/kernel/cluster.c:370
/module/data/BUILD/GAP8_V2/GCC_RISCV/test:1c00c7a6 00000032 t pi_task_wait_on.isra.20	/gap_sdk/install/GAP8_V2/include/hal/udma/uart/udma_uart_v1.h:217
/module/data/BUILD/GAP8_V2/GCC_RISCV/test:1c007352 00000032 t pi_task_wait_on.isra.3	/gap_sdk/rtos/pmsis/pmsis_bsp/fs/fs.c:122
/module/data/BUILD/GAP8_V2/GCC_RISCV/test:1c0087e4 00000032 t pi_task_wait_on.isra.3	/gap_sdk/install/GAP8_V2/include/pmsis/implem/implem.h:70
/module/data/BUILD/GAP8_V2/GCC_RISCV/test:1c00c13c 00000032 t pi_task_wait_on.isra.3	/gap_sdk/install/GAP8_V2/include/hal/soc_eu/soc_eu_v1.h:55
/module/data/BUILD/GAP8_V2/GCC_RISCV/test:1c00b81a 00000032 t pi_task_wait_on.isra.4	/gap_sdk/rtos/pulp/pulp-os/drivers/hyper/hyperram-v1.c:1039
/module/data/BUILD/GAP8_V2/GCC_RISCV/test:1c00ecf0 00000034 r __hyper_pad	/gap_sdk/rtos/pulp/pulp-os/drivers/hyper/hyperram-v1.c:164
/module/data/BUILD/GAP8_V2/GCC_RISCV/test:1c00a464 00000034 T __rt_bridge_init	/gap_sdk/rtos/pulp/pulp-os/kernel/bridge.c:851
/module/data/BUILD/GAP8_V2/GCC_RISCV/test:1c00a160 00000034 T __rt_fc_unlock	/gap_sdk/rtos/pulp/pulp-os/kernel/utils.c:127
/module/data/BUILD/GAP8_V2/GCC_RISCV/test:1c00cd4e 00000034 t __rt_i2s_resume	/gap_sdk/rtos/pulp/pulp-os/drivers_deprecated/i2s/i2s-v1.c:186
/module/data/BUILD/GAP8_V2/GCC_RISCV/test:1c00cff6 00000034 t __rt_putc_host_cluster_req	/gap_sdk/rtos/pulp/pulp-os/libs/io/io.c:451
/module/data/BUILD/GAP8_V2/GCC_RISCV/test:1c00d6d6 00000034 t _get_digit	/gap_sdk/rtos/pulp/pulp-os/libs/io/prf.c:167
/module/data/BUILD/GAP8_V2/GCC_RISCV/test:000003a8 00000034 D dev_rtc	/gap_sdk/rtos/pulp/pulp-os/drivers_deprecated/dolphin/rtc.c:24
/module/data/BUILD/GAP8_V2/GCC_RISCV/test:1c00b790 00000034 T pi_pad_set_function	/gap_sdk/rtos/pulp/pulp-os/drivers/pads/pads-v1.c:24
/module/data/BUILD/GAP8_V2/GCC_RISCV/test:1c00cbae 00000034 T pi_pwm_ioctl	/gap_sdk/rtos/pulp/pulp-os/drivers/pwm/pwm-v1.c:108
/module/data/BUILD/GAP8_V2/GCC_RISCV/test:1c00e3ee 00000034 T rt_uart_cluster_write	/gap_sdk/rtos/pulp/pulp-os/drivers_deprecated/uart/uart.c:277
/module/data/BUILD/GAP8_V2/GCC_RISCV/test:1c00a1cc 00000036 T __rt_fc_cluster_unlock	/gap_sdk/rtos/pulp/pulp-os/kernel/utils.c:199
/module/data/BUILD/GAP8_V2/GCC_RISCV/test:1c00d288 00000036 T memcpy	/gap_sdk/rtos/pulp/pulp-os/libs/io/io.c:159
/module/data/BUILD/GAP8_V2/GCC_RISCV/test:1c00c0cc 00000036 T pi_cpi_capture_async	/gap_sdk/rtos/pulp/pulp-os/drivers/cpi/cpi-v1.c:102
/module/data/BUILD/GAP8_V2/GCC_RISCV/test:1c00cd18 00000036 T pi_gpio_pin_configure	/gap_sdk/rtos/pulp/pulp-os/drivers/gpio/gpio-v2.c:146
/module/data/BUILD/GAP8_V2/GCC_RISCV/test:1c007522 00000038 t __pi_fs_free	/gap_sdk/rtos/pmsis/pmsis_bsp/fs/read_fs/read_fs.c:122
/module/data/BUILD/GAP8_V2/GCC_RISCV/test:1c00a194 00000038 T __rt_fc_cluster_lock	/gap_sdk/rtos/pulp/pulp-os/kernel/utils.c:189
/module/data/BUILD/GAP8_V2/GCC_RISCV/test:1c00cc90 00000038 T pi_gpio_pin_read	/gap_sdk/rtos/pulp/pulp-os/drivers/gpio/gpio-v2.c:171
/module/data/BUILD/GAP8_V2/GCC_RISCV/test:1c009cd0 0000003c t __bsp_init_pads
/module/data/BUILD/GAP8_V2/GCC_RISCV/test:1c007ce0 0000003c t __himax_init_regs	/gap_sdk/rtos/pmsis/pmsis_bsp/camera/himax/himax.c:192
/module/data/BUILD/GAP8_V2/GCC_RISCV/test:1c00b4e8 0000003c T __rt_cluster_new	/gap_sdk/rtos/pulp/pulp-os/kernel/cluster.c:445
/module/data/BUILD/GAP8_V2/GCC_RISCV/test:1c00b524 0000003c t __rt_cluster_pulpos_emu_init	/gap_sdk/rtos/pulp/pulp-os/kernel/pulpos_emu.c:29
/module/data/BUILD/GAP8_V2/GCC_RISCV/test:1c00d336 0000003c T __rt_putc_uart	/gap_sdk/rtos/pulp/pulp-os/libs/io/io.c:412
/module/data/BUILD/GAP8_V2/GCC_RISCV/test:1c007440 0000003e t __pi_read_fs_write	/gap_sdk/rtos/pmsis/pmsis_bsp/fs/read_fs/read_fs.c:499
/module/data/BUILD/GAP8_V2/GCC_RISCV/test:1c00a09e 0000003e T __rt_cbsys_add	/gap_sdk/rtos/pulp/pulp-os/kernel/utils.c:57
/module/data/BUILD/GAP8_V2/GCC_RISCV/test:1c00acee 0000003e T __rt_freq_init	/gap_sdk/rtos/pulp/pulp-os/kernel/gap/freq.c:62
/module/data/BUILD/GAP8_V2/GCC_RISCV/test:1c00748e 00000040 t __pi_read_fs_direct_read_async	/gap_sdk/rtos/pmsis/pmsis_bsp/fs/read_fs/read_fs.c:624
/module/data/BUILD/GAP8_V2/GCC_RISCV/test:1c007a74 00000040 t __pi_read_fs_read_async	/gap_sdk/rtos/pmsis/pmsis_bsp/fs/read_fs/read_fs.c:586
/module/data/BUILD/GAP8_V2/GCC_RISCV/test:1c0081a2 00000040 t hyperflash_stall_task	/gap_sdk/rtos/pmsis/pmsis_bsp/flash/hyperflash/hyperflash.c:403
/module/data/BUILD/GAP8_V2/GCC_RISCV/test:1c007c7e 00000040 T pi_camera_capture	/gap_sdk/rtos/pmsis/pmsis_bsp/camera/camera.c:34
/module/data/BUILD/GAP8_V2/GCC_RISCV/test:1c007bb6 00000042 t __pi_host_fs_copy_async	/gap_sdk/rtos/pmsis/pmsis_bsp/fs/host_fs/host_fs.c:115
/module/data/BUILD/GAP8_V2/GCC_RISCV/test:1c00a3aa 00000042 T __rt_bridge_printf_flush
/module/data/BUILD/GAP8_V2/GCC_RISCV/test:1c00ceca 00000042 t __rt_do_putc_host	/gap_sdk/rtos/pulp/pulp-os/libs/io/io.c:430
/module/data/BUILD/GAP8_V2/GCC_RISCV/test:1c00e29a 00000042 t __rt_uart_cluster_req	/gap_sdk/rtos/pulp/pulp-os/drivers_deprecated/uart/uart.c:266
/module/data/BUILD/GAP8_V2/GCC_RISCV/test:1c00c738 00000042 t __rt_uart_wait_tx_done.isra.17	/gap_sdk/install/GAP8_V2/include/hal/udma/uart/udma_uart_v1.h:217
/module/data/BUILD/GAP8_V2/GCC_RISCV/test:1c00e22c 00000042 t __rt_uart_wait_tx_done.isra.6	/gap_sdk/rtos/pulp/pulp-os/drivers_deprecated/uart/uart.c:222
/module/data/BUILD/GAP8_V2/GCC_RISCV/test:1c0089e2 00000042 t hyperflash_erase_async	/gap_sdk/rtos/pmsis/pmsis_bsp/flash/hyperflash/hyperflash.c:705
/module/data/BUILD/GAP8_V2/GCC_RISCV/test:1c008cfc 00000042 T pi_cl_ram_copy	/gap_sdk/rtos/pmsis/pmsis_bsp/ram/ram.c:54
/module/data/BUILD/GAP8_V2/GCC_RISCV/test:1c00b05c 00000044 T InitFlls	/gap_sdk/rtos/pulp/pulp-os/kernel/gap/pmu_driver.c:858
/module/data/BUILD/GAP8_V2/GCC_RISCV/test:1c00f124 00000044 d __rt_uart	/gap_sdk/rtos/pulp/pulp-os/drivers/uart/uart.c:66
/module/data/BUILD/GAP8_V2/GCC_RISCV/test:1c00d692 00000044 t _ldiv5	/gap_sdk/rtos/pulp/pulp-os/libs/io/prf.c:143
/module/data/BUILD/GAP8_V2/GCC_RISCV/test:1c00a23e 00000046 t __rt_bridge_wait
/module/data/BUILD/GAP8_V2/GCC_RISCV/test:1c00c084 00000048 T pi_cpi_close	/gap_sdk/rtos/pulp/pulp-os/drivers/cpi/cpi-v1.c:73
/module/data/BUILD/GAP8_V2/GCC_RISCV/test:1c00a696 00000048 T rt_user_alloc	/gap_sdk/rtos/pulp/pulp-os/kernel/alloc.c:207
/module/data/BUILD/GAP8_V2/GCC_RISCV/test:1c00bb0c 0000004a t __pi_hyper_copy_exec
/module/data/BUILD/GAP8_V2/GCC_RISCV/test:1c00c58a 0000004a t __rt_uart_setup	/gap_sdk/rtos/pulp/pulp-os/drivers/uart/uart.c:260
/module/data/BUILD/GAP8_V2/GCC_RISCV/test:1c00b746 0000004a T pi_cluster_send_task_to_cl	/gap_sdk/rtos/pulp/pulp-os/kernel/cluster_call.c:149
/module/data/BUILD/GAP8_V2/GCC_RISCV/test:1c00aca4 0000004a T rt_freq_set_and_get	/gap_sdk/rtos/pulp/pulp-os/kernel/gap/freq.c:30
/module/data/BUILD/GAP8_V2/GCC_RISCV/test:1c00a2fc 0000004c T __rt_bridge_check_connection
/module/data/BUILD/GAP8_V2/GCC_RISCV/test:1c009f32 0000004c T rt_irq_set_handler	/gap_sdk/rtos/pulp/pulp-os/kernel/irq.c:61
/module/data/BUILD/GAP8_V2/GCC_RISCV/test:1c00a6de 0000004c T rt_user_free	/gap_sdk/rtos/pulp/pulp-os/kernel/alloc.c:291
/module/data/BUILD/GAP8_V2/GCC_RISCV/test:1c0077aa 0000004e t __pi_read_fs_close
/module/data/BUILD/GAP8_V2/GCC_RISCV/test:1c00e3a0 0000004e T rt_uart_close	/gap_sdk/rtos/pulp/pulp-os/drivers_deprecated/uart/uart.c:228
/module/data/BUILD/GAP8_V2/GCC_RISCV/test:1c009f80 00000050 T __rt_handle_illegal_instr	/gap_sdk/rtos/pulp/pulp-os/kernel/irq.c:94
/module/data/BUILD/GAP8_V2/GCC_RISCV/test:1c00c472 00000050 t __rt_i2c_init	/gap_sdk/rtos/pulp/pulp-os/drivers/i2c/i2c-v2.c:307
/module/data/BUILD/GAP8_V2/GCC_RISCV/test:1c00ce7a 00000050 t __rt_io_uart_wait_req	/gap_sdk/rtos/pulp/pulp-os/libs/io/io.c:315
/module/data/BUILD/GAP8_V2/GCC_RISCV/test:00000354 00000050 D __rt_udma_channels
/module/data/BUILD/GAP8_V2/GCC_RISCV/test:1c008ac8 00000050 t hyperflash_check_program	/gap_sdk/rtos/pmsis/pmsis_bsp/flash/hyperflash/hyperflash.c:587
/module/data/BUILD/GAP8_V2/GCC_RISCV/test:1c00ccc8 00000050 T pi_gpio_mask_configure	/gap_sdk/rtos/pulp/pulp-os/drivers/gpio/gpio-v2.c:279
/module/data/BUILD/GAP8_V2/GCC_RISCV/test:1c00172c 00000052 T __fixunsdfsi	/home/haugoug/src/riscv-gnu-toolchain/riscv-gcc/libgcc/soft-fp/fixunsdfsi.c:35
/module/data/BUILD/GAP8_V2/GCC_RISCV/test:1c009fd0 00000052 T __rt_irq_init	/gap_sdk/rtos/pulp/pulp-os/kernel/irq.c:103
/module/data/BUILD/GAP8_V2/GCC_RISCV/test:1c00bc1e 00000052 t exec_pending_task	/gap_sdk/rtos/pulp/pulp-os/drivers/hyper/hyperram-v1.c:867
/module/data/BUILD/GAP8_V2/GCC_RISCV/test:1c008d98 00000052 T extern_alloc_init	/gap_sdk/rtos/pmsis/pmsis_bsp/ram/alloc_extern.c:104
/module/data/BUILD/GAP8_V2/GCC_RISCV/test:1c008a76 00000052 t hyperflash_check_erase	/gap_sdk/rtos/pmsis/pmsis_bsp/flash/hyperflash/hyperflash.c:623
/module/data/BUILD/GAP8_V2/GCC_RISCV/test:1c00cdd8 00000054 T __rt_i2s_init	/gap_sdk/rtos/pulp/pulp-os/drivers_deprecated/i2s/i2s-v1.c:268
/module/data/BUILD/GAP8_V2/GCC_RISCV/test:1c00ca96 00000054 T __rt_udma_copy_enqueue	/gap_sdk/rtos/pulp/pulp-os/drivers/udma/udma-v2.c:55
/module/data/BUILD/GAP8_V2/GCC_RISCV/test:1c00eed4 00000054 d hyperflash_api	/gap_sdk/rtos/pmsis/pmsis_bsp/flash/hyperflash/hyperflash.c:822
/module/data/BUILD/GAP8_V2/GCC_RISCV/test:1c0085bc 00000054 t hyperflash_reg_set_async	/gap_sdk/rtos/pmsis/pmsis_bsp/flash/hyperflash/hyperflash.c:226
/module/data/BUILD/GAP8_V2/GCC_RISCV/test:1c0072ee 00000056 T CNN_NormBW_offset_fps	/gap_sdk/tools/nntool/autotiler/kernels/norm_transpose.c:175
/module/data/BUILD/GAP8_V2/GCC_RISCV/test:1c005c7e 00000056 t KerConv3x2from3x3Stride1_H_SQ8	/gap_sdk/tools/autotiler_v3/CNN_Libraries_SQ8/CNN_Conv_SQ8.c:383
/module/data/BUILD/GAP8_V2/GCC_RISCV/test:1c00bb56 00000056 t __pi_hyper_copy	/gap_sdk/rtos/pulp/pulp-os/drivers/hyper/hyperram-v1.c:914
/module/data/BUILD/GAP8_V2/GCC_RISCV/test:1c00abf0 00000056 T __rt_periph_wait_event	/gap_sdk/rtos/pulp/pulp-os/kernel/periph-v2.c:237
/module/data/BUILD/GAP8_V2/GCC_RISCV/test:1c0017d6 00000056 t cluster	/module/data/model.c:70
/module/data/BUILD/GAP8_V2/GCC_RISCV/test:1c00177e 00000058 T __floatsidf	/home/haugoug/src/riscv-gnu-toolchain/riscv-gcc/libgcc/soft-fp/floatsidf.c:36
/module/data/BUILD/GAP8_V2/GCC_RISCV/test:1c00bab4 00000058 T __pi_hyper_copy_aligned	/gap_sdk/rtos/pulp/pulp-os/drivers/hyper/hyperram-v1.c:480
/module/data/BUILD/GAP8_V2/GCC_RISCV/test:1c00f390 00000058 b __pos_pwm	/gap_sdk/rtos/pulp/pulp-os/drivers/pwm/pwm-v1.c:43
/module/data/BUILD/GAP8_V2/GCC_RISCV/test:1c00ca34 00000058 T rt_extern_alloc_init	/gap_sdk/rtos/pulp/pulp-os/kernel/alloc_extern.c:105
/module/data/BUILD/GAP8_V2/GCC_RISCV/test:1c00cf0c 0000005a t __rt_io_start	/gap_sdk/rtos/pulp/pulp-os/libs/io/io.c:746
/module/data/BUILD/GAP8_V2/GCC_RISCV/test:1c008d3e 0000005a T pi_cl_ram_copy_2d	/gap_sdk/rtos/pmsis/pmsis_bsp/ram/ram.c:71
/module/data/BUILD/GAP8_V2/GCC_RISCV/test:1c005f6a 0000005c t KerConv3x2from3x3Stride2_H_SQ8	/gap_sdk/tools/autotiler_v3/CNN_Libraries_SQ8/CNN_Conv_SQ8.c:446
/module/data/BUILD/GAP8_V2/GCC_RISCV/test:1c007d5e 0000005c T __himax_reg_get	/gap_sdk/rtos/pmsis/pmsis_bsp/camera/himax/himax.c:493
/module/data/BUILD/GAP8_V2/GCC_RISCV/test:1c007c16 0000005c t __pi_host_fs_open	/gap_sdk/rtos/pmsis/pmsis_bsp/fs/host_fs/host_fs.c:44
/module/data/BUILD/GAP8_V2/GCC_RISCV/test:1c00e422 0000005c T __rt_uart_init	/gap_sdk/rtos/pulp/pulp-os/drivers_deprecated/uart/uart.c:292
/module/data/BUILD/GAP8_V2/GCC_RISCV/test:1c0086c0 0000005c t hyperflash_program_async	/gap_sdk/rtos/pmsis/pmsis_bsp/flash/hyperflash/hyperflash.c:605
/module/data/BUILD/GAP8_V2/GCC_RISCV/test:1c00b5f0 0000005c T rt_cluster_mount	/gap_sdk/rtos/pulp/pulp-os/kernel/pulpos_emu.c:68
/module/data/BUILD/GAP8_V2/GCC_RISCV/test:1c00ac46 0000005e T __rt_periph_init	/gap_sdk/rtos/pulp/pulp-os/kernel/periph-v2.c:276
/module/data/BUILD/GAP8_V2/GCC_RISCV/test:1c00d2d8 0000005e T __rt_putc_debug_bridge	/gap_sdk/rtos/pulp/pulp-os/libs/io/io.c:288
/module/data/BUILD/GAP8_V2/GCC_RISCV/test:1c008df2 0000005e T extern_alloc	/gap_sdk/rtos/pmsis/pmsis_bsp/ram/alloc_extern.c:135
/module/data/BUILD/GAP8_V2/GCC_RISCV/test:1c00855e 0000005e t hyperflash_reg_get_async	/gap_sdk/rtos/pmsis/pmsis_bsp/flash/hyperflash/hyperflash.c:240
/module/data/BUILD/GAP8_V2/GCC_RISCV/test:1c008eec 0000005e T pi_partition_find_first	/gap_sdk/rtos/pmsis/pmsis_bsp/partition/partition.c:65
/module/data/BUILD/GAP8_V2/GCC_RISCV/test:1c00c7d8 00000062 T __pi_uart_handle_copy	/gap_sdk/rtos/pulp/pulp-os/drivers/uart/uart.c:68
/module/data/BUILD/GAP8_V2/GCC_RISCV/test:1c00b178 00000062 t __rt_init_cluster_data	/gap_sdk/rtos/pulp/pulp-os/kernel/cluster.c:72
/module/data/BUILD/GAP8_V2/GCC_RISCV/test:1c00b1da 00000064 t __rt_cluster_init	/gap_sdk/rtos/pulp/pulp-os/kernel/cluster.c:382
/module/data/BUILD/GAP8_V2/GCC_RISCV/test:1c00a5ae 00000064 T __rt_event_execute	/gap_sdk/rtos/pulp/pulp-os/kernel/events.c:189
/module/data/BUILD/GAP8_V2/GCC_RISCV/test:1c00c01a 0000006a T pi_cpi_open	/gap_sdk/rtos/pulp/pulp-os/drivers/cpi/cpi-v1.c:37
/module/data/BUILD/GAP8_V2/GCC_RISCV/test:1c0090e6 0000006c T flash_partition_find_first	/gap_sdk/rtos/pmsis/pmsis_bsp/partition/flash_partition.c:228
/module/data/BUILD/GAP8_V2/GCC_RISCV/test:1c007e0a 00000070 t __himax_reset	/gap_sdk/rtos/pmsis/pmsis_bsp/camera/himax/himax.c:203
/module/data/BUILD/GAP8_V2/GCC_RISCV/test:1c008c62 00000070 t __pi_ram_cluster_req
/module/data/BUILD/GAP8_V2/GCC_RISCV/test:1c00b478 00000070 T __rt_cluster_push_fc_event	/gap_sdk/rtos/pulp/pulp-os/kernel/cluster.c:413
/module/data/BUILD/GAP8_V2/GCC_RISCV/test:1c00cf86 00000070 t __rt_io_lock
/module/data/BUILD/GAP8_V2/GCC_RISCV/test:1c00d02a 00000070 t __rt_io_unlock
/module/data/BUILD/GAP8_V2/GCC_RISCV/test:1c007890 00000072 t __pi_fs_read_cached	/gap_sdk/rtos/pmsis/pmsis_bsp/fs/read_fs/read_fs.c:434
/module/data/BUILD/GAP8_V2/GCC_RISCV/test:1c00c98e 00000072 T __pi_uart_init	/gap_sdk/rtos/pulp/pulp-os/drivers/uart/uart.c:622
/module/data/BUILD/GAP8_V2/GCC_RISCV/test:1c00a7d6 00000072 T __rt_allocs_init	/gap_sdk/rtos/pulp/pulp-os/kernel/alloc.c:465
/module/data/BUILD/GAP8_V2/GCC_RISCV/test:1c00d542 00000072 T __rt_io_init	/gap_sdk/rtos/pulp/pulp-os/libs/io/io.c:800
/module/data/BUILD/GAP8_V2/GCC_RISCV/test:1c008f4a 00000074 T flash_partition_table_verify	/gap_sdk/rtos/pmsis/pmsis_bsp/partition/flash_partition.c:80
/module/data/BUILD/GAP8_V2/GCC_RISCV/test:1c00d4c2 00000076 T exit	/gap_sdk/rtos/pulp/pulp-os/libs/io/io.c:690
/module/data/BUILD/GAP8_V2/GCC_RISCV/test:1c0083e6 00000076 t hyperflash_read_async	/gap_sdk/rtos/pmsis/pmsis_bsp/flash/hyperflash/hyperflash.c:254
/module/data/BUILD/GAP8_V2/GCC_RISCV/test:1c00a4d8 00000076 T rt_event_alloc	/gap_sdk/rtos/pulp/pulp-os/kernel/events.c:52
/module/data/BUILD/GAP8_V2/GCC_RISCV/test:1c00a284 00000078 T __rt_bridge_handle_notif	/gap_sdk/rtos/pulp/pulp-os/kernel/bridge.c:644
/module/data/BUILD/GAP8_V2/GCC_RISCV/test:1c00a3ec 00000078 T __rt_bridge_req_shutdown	/gap_sdk/rtos/pulp/pulp-os/kernel/bridge.c:774
/module/data/BUILD/GAP8_V2/GCC_RISCV/test:1c00a89c 0000007a T rt_event_push_delayed	/gap_sdk/rtos/pulp/pulp-os/kernel/time.c:59
/module/data/BUILD/GAP8_V2/GCC_RISCV/test:1c006b0e 0000007c t Ker_ActivationScale1_SQ8	/gap_sdk/tools/autotiler_v3/CNN_Libraries_SQ8/CNN_Pooling_SQ8.c:100
/module/data/BUILD/GAP8_V2/GCC_RISCV/test:1c00a022 0000007c t __rt_fc_cluster_lock_req	/gap_sdk/rtos/pulp/pulp-os/kernel/utils.c:142
/module/data/BUILD/GAP8_V2/GCC_RISCV/test:1c007aec 0000007e t __pi_host_fs_copy_2d_async	/gap_sdk/rtos/pmsis/pmsis_bsp/fs/host_fs/host_fs.c:126
/module/data/BUILD/GAP8_V2/GCC_RISCV/test:1c00f2f0 00000080 b __pi_hyper_temp_buffer	/gap_sdk/rtos/pulp/pulp-os/drivers/hyper/hyperram-v1.c:160
/module/data/BUILD/GAP8_V2/GCC_RISCV/test:1c00f480 00000080 b __rt_io_event	/gap_sdk/rtos/pulp/pulp-os/libs/io/io.c:39
/module/data/BUILD/GAP8_V2/GCC_RISCV/test:1c00f188 00000080 d __rt_putc_host_buffer	/gap_sdk/rtos/pulp/pulp-os/libs/io/io.c:47
/module/data/BUILD/GAP8_V2/GCC_RISCV/test:1c00c6b4 00000084 t __pi_uart_copy_enqueue	/gap_sdk/rtos/pulp/pulp-os/drivers/uart/uart.c:170
/module/data/BUILD/GAP8_V2/GCC_RISCV/test:1c00cc0a 00000086 T __pi_gpio_handler	/gap_sdk/rtos/pulp/pulp-os/drivers/gpio/gpio-v2.c:54
/module/data/BUILD/GAP8_V2/GCC_RISCV/test:1c00f09c 00000088 d __rt_i2c	/gap_sdk/rtos/pulp/pulp-os/drivers/i2c/i2c-v2.c:25
/module/data/BUILD/GAP8_V2/GCC_RISCV/test:1c00f23c 00000088 b bsp_fs_data	/gap_sdk/rtos/pmsis/pmsis_bsp/fs/host_fs/host_fs.c:27
/module/data/BUILD/GAP8_V2/GCC_RISCV/test:1c0081e2 00000088 t hyperflash_read_2d_async	/gap_sdk/rtos/pmsis/pmsis_bsp/flash/hyperflash/hyperflash.c:266
/module/data/BUILD/GAP8_V2/GCC_RISCV/test:1c00a93e 0000008c T __rt_time_init	/gap_sdk/rtos/pulp/pulp-os/kernel/time.c:136
/module/data/BUILD/GAP8_V2/GCC_RISCV/test:1c008e50 0000008c T extern_free	/gap_sdk/rtos/pmsis/pmsis_bsp/ram/alloc_extern.c:202
/module/data/BUILD/GAP8_V2/GCC_RISCV/test:1c00e312 0000008e T __rt_uart_open	/gap_sdk/rtos/pulp/pulp-os/drivers_deprecated/uart/uart.c:151
/module/data/BUILD/GAP8_V2/GCC_RISCV/test:1c00c5f6 00000090 t __pi_uart_copy_enqueue_exec_flow_control
/module/data/BUILD/GAP8_V2/GCC_RISCV/test:1c00ad7e 00000090 T __rt_pmu_cluster_power_down	/gap_sdk/rtos/pulp/pulp-os/kernel/gap/pmu_driver.c:205
/module/data/BUILD/GAP8_V2/GCC_RISCV/test:1c008754 00000090 t hyperflash_open	/gap_sdk/rtos/pmsis/pmsis_bsp/flash/hyperflash/hyperflash.c:152
/module/data/BUILD/GAP8_V2/GCC_RISCV/test:1c00b560 00000090 T rt_cluster_call	/gap_sdk/rtos/pulp/pulp-os/kernel/pulpos_emu.c:40
/module/data/BUILD/GAP8_V2/GCC_RISCV/test:1c0079e2 00000092 t __pi_read_fs_try_read	/gap_sdk/rtos/pmsis/pmsis_bsp/fs/read_fs/read_fs.c:537
/module/data/BUILD/GAP8_V2/GCC_RISCV/test:1c00d174 00000092 t __rt_io_uart_wait_pending	/gap_sdk/rtos/pulp/pulp-os/libs/io/io.c:332
/module/data/BUILD/GAP8_V2/GCC_RISCV/test:1c00d5e0 00000092 t _to_x	/gap_sdk/rtos/pulp/pulp-os/libs/io/prf.c:44
/module/data/BUILD/GAP8_V2/GCC_RISCV/test:1c00cb1c 00000092 T pi_pwm_open	/gap_sdk/rtos/pulp/pulp-os/drivers/pwm/pwm-v1.c:53
/module/data/BUILD/GAP8_V2/GCC_RISCV/test:1c0077f8 00000098 t __pi_read_fs_mount	/gap_sdk/rtos/pmsis/pmsis_bsp/fs/read_fs/read_fs.c:242
/module/data/BUILD/GAP8_V2/GCC_RISCV/test:1c00f3e8 00000098 b __rt_gpio	/gap_sdk/rtos/pulp/pulp-os/drivers/gpio/gpio-v2.c:34
/module/data/BUILD/GAP8_V2/GCC_RISCV/test:1c005952 0000009a t KerConv3x2from3x3Stride1_H_2Out_SQ8	/gap_sdk/tools/autotiler_v3/CNN_Libraries_SQ8/CNN_Conv_SQ8.c:411
/module/data/BUILD/GAP8_V2/GCC_RISCV/test:1c0053a4 0000009a T KerParReduct_CC_SQ8	/gap_sdk/tools/autotiler_v3/CNN_Libraries_SQ8/CNN_Activation_SQ8.c:579
/module/data/BUILD/GAP8_V2/GCC_RISCV/test:1c008bae 0000009a t hyperram_open	/gap_sdk/rtos/pmsis/pmsis_bsp/ram/hyperram/hyperram.c:40
/module/data/BUILD/GAP8_V2/GCC_RISCV/test:1c009a5a 0000009c T MD5_Update	/gap_sdk/rtos/pmsis/pmsis_bsp/crc/md5.c:218
/module/data/BUILD/GAP8_V2/GCC_RISCV/test:1c00bf06 0000009e t __pi_hyper_copy_2d	/gap_sdk/rtos/pulp/pulp-os/drivers/hyper/hyperram-v1.c:946
/module/data/BUILD/GAP8_V2/GCC_RISCV/test:1c00ba14 000000a0 T pi_hyper_close	/gap_sdk/rtos/pulp/pulp-os/drivers/hyper/hyperram-v1.c:337
/module/data/BUILD/GAP8_V2/GCC_RISCV/test:1c00aeee 000000a4 T InitOneFll	/gap_sdk/rtos/pulp/pulp-os/kernel/gap/pmu_driver.c:771
/module/data/BUILD/GAP8_V2/GCC_RISCV/test:1c0080a4 000000a6 t __himax_control	/gap_sdk/rtos/pmsis/pmsis_bsp/camera/himax/himax.c:433
/module/data/BUILD/GAP8_V2/GCC_RISCV/test:1c008340 000000a6 t hyperflash_erase_chip_async	/gap_sdk/rtos/pmsis/pmsis_bsp/flash/hyperflash/hyperflash.c:640
/module/data/BUILD/GAP8_V2/GCC_RISCV/test:1c008938 000000aa t hyperflash_erase_resume	/gap_sdk/rtos/pmsis/pmsis_bsp/flash/hyperflash/hyperflash.c:680
/module/data/BUILD/GAP8_V2/GCC_RISCV/test:1c00d372 000000ac t tfp_putc.isra.9	/gap_sdk/rtos/pulp/pulp-os/libs/io/io.c:795
/module/data/BUILD/GAP8_V2/GCC_RISCV/test:1c00543e 000000ae T KerParReductIO_CC_SQ8	/gap_sdk/tools/autotiler_v3/CNN_Libraries_SQ8/CNN_Activation_SQ8.c:694
/module/data/BUILD/GAP8_V2/GCC_RISCV/test:1c008290 000000b0 t hyperflash_erase_sector_async	/gap_sdk/rtos/pmsis/pmsis_bsp/flash/hyperflash/hyperflash.c:659
/module/data/BUILD/GAP8_V2/GCC_RISCV/test:1c008610 000000b0 t hyperflash_program_resume	/gap_sdk/rtos/pmsis/pmsis_bsp/flash/hyperflash/hyperflash.c:518
/module/data/BUILD/GAP8_V2/GCC_RISCV/test:1c0054ec 000000b4 T KerParSetBiasB32_SQ8	/gap_sdk/tools/autotiler_v3/CNN_Libraries_SQ8/CNN_Bias_Linear_SQ8.c:40
/module/data/BUILD/GAP8_V2/GCC_RISCV/test:1c00b0a0 000000bc T __rt_pmu_init	/gap_sdk/rtos/pulp/pulp-os/kernel/gap/pmu_driver.c:472
/module/data/BUILD/GAP8_V2/GCC_RISCV/test:1c00c266 000000bc T pi_i2c_read_async	/gap_sdk/rtos/pulp/pulp-os/drivers/i2c/i2c-v2.c:190
/module/data/BUILD/GAP8_V2/GCC_RISCV/test:1c00ef88 000000c0 D __hal_debug_struct
/module/data/BUILD/GAP8_V2/GCC_RISCV/test:1c005bb6 000000c8 t KerConv2x3from3x3Stride1_V_SQ8	/gap_sdk/tools/autotiler_v3/CNN_Libraries_SQ8/CNN_Conv_SQ8.c:191
/module/data/BUILD/GAP8_V2/GCC_RISCV/test:1c00c4c2 000000c8 t __pi_uart_flow_control_enable	/gap_sdk/rtos/pulp/pulp-os/drivers/uart/uart.c:545
/module/data/BUILD/GAP8_V2/GCC_RISCV/test:1c00af92 000000ca T __rt_pmu_cluster_power_up
/module/data/BUILD/GAP8_V2/GCC_RISCV/test:1c005aea 000000cc t KerConv3x3Stride1_Body_SQ8	/gap_sdk/tools/autotiler_v3/CNN_Libraries_SQ8/CNN_Conv_SQ8.c:2318
/module/data/BUILD/GAP8_V2/GCC_RISCV/test:1c005e98 000000d2 t KerConv2x3from3x3Stride2_V_SQ8	/gap_sdk/tools/autotiler_v3/CNN_Libraries_SQ8/CNN_Conv_SQ8.c:293
/module/data/BUILD/GAP8_V2/GCC_RISCV/test:1c007fd2 000000d2 T __himax_reopen	/gap_sdk/rtos/pmsis/pmsis_bsp/camera/himax/himax.c:369
/module/data/BUILD/GAP8_V2/GCC_RISCV/test:1c005dc4 000000d4 t KerConv3x3Stride2_Body_SQ8	/gap_sdk/tools/autotiler_v3/CNN_Libraries_SQ8/CNN_Conv_SQ8.c:2403
/module/data/BUILD/GAP8_V2/GCC_RISCV/test:1c00c16e 000000d4 T pi_i2c_write_async	/gap_sdk/rtos/pulp/pulp-os/drivers/i2c/i2c-v2.c:114
/module/data/BUILD/GAP8_V2/GCC_RISCV/test:1c006daa 000000d8 t KerParPoolActivation	/gap_sdk/tools/autotiler_v3/CNN_Libraries_SQ8/CNN_Pooling_SQ8.c:1245
/module/data/BUILD/GAP8_V2/GCC_RISCV/test:1c00b36e 000000d8 T pi_cluster_open	/gap_sdk/rtos/pulp/pulp-os/kernel/cluster.c:343
/module/data/BUILD/GAP8_V2/GCC_RISCV/test:1c00d09a 000000da t __rt_io_uart_flush.constprop.11	/gap_sdk/rtos/pulp/pulp-os/libs/io/io.c:795
/module/data/BUILD/GAP8_V2/GCC_RISCV/test:1c00ae0e 000000e0 T SetFllFrequency
/module/data/BUILD/GAP8_V2/GCC_RISCV/test:1c007902 000000e0 T __pi_fs_read	/gap_sdk/rtos/pmsis/pmsis_bsp/fs/read_fs/read_fs.c:455
/module/data/BUILD/GAP8_V2/GCC_RISCV/test:1c005cd4 000000f0 t KerConv3x3BorderStride1_SQ8	/gap_sdk/tools/autotiler_v3/CNN_Libraries_SQ8/CNN_Conv_SQ8.c:1608
/module/data/BUILD/GAP8_V2/GCC_RISCV/test:1c00a9ca 000000f2 T __rt_timer_handler	/gap_sdk/rtos/pulp/pulp-os/kernel/time_irq.c:30
/module/data/BUILD/GAP8_V2/GCC_RISCV/test:1c00c854 000000f2 T pi_uart_open	/gap_sdk/rtos/pulp/pulp-os/drivers/uart/uart.c:328
/module/data/BUILD/GAP8_V2/GCC_RISCV/test:1c005fc6 000000f8 t KerConv3x3BorderStride2_SQ8	/gap_sdk/tools/autotiler_v3/CNN_Libraries_SQ8/CNN_Conv_SQ8.c:1663
/module/data/BUILD/GAP8_V2/GCC_RISCV/test:1c00b64c 000000fa T pi_cluster_send_task_to_cl_async	/gap_sdk/rtos/pulp/pulp-os/kernel/cluster_call.c:65
/module/data/BUILD/GAP8_V2/GCC_RISCV/test:1c0059ec 000000fe t KerConv3x3BorderStride1_2Out_SQ8	/gap_sdk/tools/autotiler_v3/CNN_Libraries_SQ8/CNN_Conv_SQ8.c:1635
/module/data/BUILD/GAP8_V2/GCC_RISCV/test:1c00e724 00000100 R __clz_tab
/module/data/BUILD/GAP8_V2/GCC_RISCV/test:1c00845c 00000102 t hyperflash_handle_pending_task	/gap_sdk/rtos/pmsis/pmsis_bsp/flash/hyperflash/hyperflash.c:280
/module/data/BUILD/GAP8_V2/GCC_RISCV/test:1c008fbe 00000104 T flash_partition_table_load	/gap_sdk/rtos/pmsis/pmsis_bsp/partition/flash_partition.c:114
/module/data/BUILD/GAP8_V2/GCC_RISCV/test:1c00c346 00000118 T pi_i2c_open	/gap_sdk/rtos/pulp/pulp-os/drivers/i2c/i2c-v2.c:238
/module/data/BUILD/GAP8_V2/GCC_RISCV/test:1c00ea84 0000011c r __himax_reg_init	/gap_sdk/rtos/pmsis/pmsis_bsp/camera/himax/himax.c:55
/module/data/BUILD/GAP8_V2/GCC_RISCV/test:1c0056fa 00000120 t KerConv3x3Stride1_Body_2Out_SQ8	/gap_sdk/tools/autotiler_v3/CNN_Libraries_SQ8/CNN_Conv_SQ8.c:2358
/module/data/BUILD/GAP8_V2/GCC_RISCV/test:1c007684 00000126 t __pi_fs_mount_step	/gap_sdk/rtos/pmsis/pmsis_bsp/fs/read_fs/read_fs.c:140
/module/data/BUILD/GAP8_V2/GCC_RISCV/test:1c00755e 00000126 t __pi_read_fs_open	/gap_sdk/rtos/pmsis/pmsis_bsp/fs/read_fs/read_fs.c:295
/module/data/BUILD/GAP8_V2/GCC_RISCV/test:1c00b23e 0000012a t __rt_cluster_mount_step	/gap_sdk/rtos/pulp/pulp-os/kernel/cluster.c:221
/module/data/BUILD/GAP8_V2/GCC_RISCV/test:1c005276 0000012e t KerReductIO_Compact_SQ8_1	/gap_sdk/tools/autotiler_v3/CNN_Libraries_SQ8/CNN_Activation_SQ8.c:555
/module/data/BUILD/GAP8_V2/GCC_RISCV/test:1c00aabc 00000134 T rt_periph_copy	/gap_sdk/rtos/pulp/pulp-os/kernel/periph-v2.c:58
/module/data/BUILD/GAP8_V2/GCC_RISCV/test:1c00581a 00000138 t KerConv2x3from3x3Stride1_V_2Out_SQ8	/gap_sdk/tools/autotiler_v3/CNN_Libraries_SQ8/CNN_Conv_SQ8.c:237
/module/data/BUILD/GAP8_V2/GCC_RISCV/test:1c009af6 00000138 T MD5_Final	/gap_sdk/rtos/pmsis/pmsis_bsp/crc/md5.c:258
/module/data/BUILD/GAP8_V2/GCC_RISCV/test:1c0055a0 00000140 T KerParLinearLayer_SQ8	/gap_sdk/tools/autotiler_v3/CNN_Libraries_SQ8/CNN_Bias_Linear_SQ8.c:163
/module/data/BUILD/GAP8_V2/GCC_RISCV/test:1c005122 00000154 T modelCNN	/module/data/BUILD_MODEL_SQ8BIT/modelKernels.c:936
/module/data/BUILD/GAP8_V2/GCC_RISCV/test:1c007e7a 00000158 T __himax_open	/gap_sdk/rtos/pmsis/pmsis_bsp/camera/himax/himax.c:275
/module/data/BUILD/GAP8_V2/GCC_RISCV/test:1c00b8b4 00000160 T pi_hyper_open	/gap_sdk/rtos/pulp/pulp-os/drivers/hyper/hyperram-v1.c:261
/module/data/BUILD/GAP8_V2/GCC_RISCV/test:1c009d9e 00000168 T __rt_init	/gap_sdk/rtos/pulp/pulp-os/kernel/init.c:74
/module/data/BUILD/GAP8_V2/GCC_RISCV/test:1c006e82 0000018e T KerParPool2x2Stride2_ReLU_SQ8	/gap_sdk/tools/autotiler_v3/CNN_Libraries_SQ8/CNN_Pooling_SQ8.c:1299
/module/data/BUILD/GAP8_V2/GCC_RISCV/test:1c006302 0000019c T KerParConv3x3Stride2_SQ8	/gap_sdk/tools/autotiler_v3/CNN_Libraries_SQ8/CNN_Conv_SQ8.c:3474
/module/data/BUILD/GAP8_V2/GCC_RISCV/test:1c006b8a 00000220 t Ker_Activation_SQ8	/gap_sdk/tools/autotiler_v3/CNN_Libraries_SQ8/CNN_Pooling_SQ8.c:44
/module/data/BUILD/GAP8_V2/GCC_RISCV/test:1c0060be 00000244 T KerParConv3x3Stride1_SQ8	/gap_sdk/tools/autotiler_v3/CNN_Libraries_SQ8/CNN_Conv_SQ8.c:3429
/module/data/BUILD/GAP8_V2/GCC_RISCV/test:00000030 00000280 D periph_channels
/module/data/BUILD/GAP8_V2/GCC_RISCV/test:1c006880 0000028e t KerAvgPool2x2Stride2_SQ8	/gap_sdk/tools/autotiler_v3/CNN_Libraries_SQ8/CNN_Pooling_SQ8.c:252
/module/data/BUILD/GAP8_V2/GCC_RISCV/test:1c004688 00000290 T S5_SoftMax	/module/data/BUILD_MODEL_SQ8BIT/modelKernels.c:767
/module/data/BUILD/GAP8_V2/GCC_RISCV/test:1c00bc70 00000296 t __pi_hyper_copy_misaligned	/gap_sdk/rtos/pulp/pulp-os/drivers/hyper/hyperram-v1.c:806
/module/data/BUILD/GAP8_V2/GCC_RISCV/test:1c007010 000002de T KerParSoftMax_SQ8	/gap_sdk/tools/autotiler_v3/CNN_Libraries_SQ8/CNN_SoftMax_SQ8.c:183
/module/data/BUILD/GAP8_V2/GCC_RISCV/test:1c0009c6 0000032e T __umoddi3	/home/haugoug/src/riscv-gnu-toolchain/riscv-gcc/libgcc/libgcc2.c:1305
/module/data/BUILD/GAP8_V2/GCC_RISCV/test:1c00068a 0000033c T __udivdi3	/home/haugoug/src/riscv-gnu-toolchain/riscv-gcc/libgcc/libgcc2.c:1317
/module/data/BUILD/GAP8_V2/GCC_RISCV/test:1c0064b8 000003c8 t KerMaxPool2x2Stride2_SQ8	/gap_sdk/tools/autotiler_v3/CNN_Libraries_SQ8/CNN_Pooling_SQ8.c:184
/module/data/BUILD/GAP8_V2/GCC_RISCV/test:1c0012f2 0000043a T __muldf3	/home/haugoug/src/riscv-gnu-toolchain/riscv-gcc/libgcc/soft-fp/muldf3.c:35
/module/data/BUILD/GAP8_V2/GCC_RISCV/test:1c001dd0 00000542 T S1_Op_input_1_formatter	/module/data/BUILD_MODEL_SQ8BIT/modelKernels.c:7
/module/data/BUILD/GAP8_V2/GCC_RISCV/test:1c00182c 0000058a T test_model	/module/data/model.c:135
/module/data/BUILD/GAP8_V2/GCC_RISCV/test:1c000cf4 000005fe T __adddf3	/home/haugoug/src/riscv-gnu-toolchain/riscv-gcc/libgcc/soft-fp/adddf3.c:35
/module/data/BUILD/GAP8_V2/GCC_RISCV/test:1b0003e8 00000800 D __rt_fc_stack	/gap_sdk/rtos/pulp/pulp-os/kernel/conf.c:38
/module/data/BUILD/GAP8_V2/GCC_RISCV/test:1c004918 0000080a T modelCNN_Construct	/module/data/BUILD_MODEL_SQ8BIT/modelKernels.c:831
/module/data/BUILD/GAP8_V2/GCC_RISCV/test:1c009152 000008d6 t body	/gap_sdk/rtos/pmsis/pmsis_bsp/crc/md5.c:100
/module/data/BUILD/GAP8_V2/GCC_RISCV/test:1c00d70a 00000ab6 T _prf	/gap_sdk/rtos/pulp/pulp-os/libs/io/prf.c:437
/module/data/BUILD/GAP8_V2/GCC_RISCV/test:1c002312 00000b9c T S2_Conv2d_32x1x3x3_MaxPool_2x2_Relu	/module/data/BUILD_MODEL_SQ8BIT/modelKernels.c:99
/module/data/BUILD/GAP8_V2/GCC_RISCV/test:1c002eae 00000bd2 T S3_Conv2d_64x32x3x3_MaxPool_2x2_Relu	/module/data/BUILD_MODEL_SQ8BIT/modelKernels.c:335
/module/data/BUILD/GAP8_V2/GCC_RISCV/test:1c003a80 00000c08 T S4_Linear_2x29x39x64	/module/data/BUILD_MODEL_SQ8BIT/modelKernels.c:567
